Component: ARM Compiler 5.06 update 5 (build 528) Tool: armlink [4d35e2]

==============================================================================

Section Cross References

    startup_stm32f10x_hd.o(STACK) refers (Special) to heapauxi.o(.text) for __use_two_region_memory
    startup_stm32f10x_hd.o(HEAP) refers (Special) to heapauxi.o(.text) for __use_two_region_memory
    startup_stm32f10x_hd.o(RESET) refers (Special) to heapauxi.o(.text) for __use_two_region_memory
    startup_stm32f10x_hd.o(RESET) refers to startup_stm32f10x_hd.o(STACK) for __initial_sp
    startup_stm32f10x_hd.o(RESET) refers to startup_stm32f10x_hd.o(.text) for Reset_Handler
    startup_stm32f10x_hd.o(RESET) refers to stm32f10x_it.o(i.NMI_Handler) for NMI_Handler
    startup_stm32f10x_hd.o(RESET) refers to stm32f10x_it.o(i.HardFault_Handler) for HardFault_Handler
    startup_stm32f10x_hd.o(RESET) refers to stm32f10x_it.o(i.MemManage_Handler) for MemManage_Handler
    startup_stm32f10x_hd.o(RESET) refers to stm32f10x_it.o(i.BusFault_Handler) for BusFault_Handler
    startup_stm32f10x_hd.o(RESET) refers to stm32f10x_it.o(i.UsageFault_Handler) for UsageFault_Handler
    startup_stm32f10x_hd.o(RESET) refers to stm32f10x_it.o(i.SVC_Handler) for SVC_Handler
    startup_stm32f10x_hd.o(RESET) refers to stm32f10x_it.o(i.DebugMon_Handler) for DebugMon_Handler
    startup_stm32f10x_hd.o(RESET) refers to stm32f10x_it.o(i.PendSV_Handler) for PendSV_Handler
    startup_stm32f10x_hd.o(RESET) refers to stm32f10x_it.o(i.SysTick_Handler) for SysTick_Handler
    startup_stm32f10x_hd.o(RESET) refers to sx126xstm32f103-board.o(i.TIM3_IRQHandler) for TIM3_IRQHandler
    startup_stm32f10x_hd.o(RESET) refers to hal_uart.o(i.USART1_IRQHandler) for USART1_IRQHandler
    startup_stm32f10x_hd.o(RESET) refers to sx126xstm32f103-board.o(i.EXTI15_10_IRQHandler) for EXTI15_10_IRQHandler
    startup_stm32f10x_hd.o(.text) refers (Special) to heapauxi.o(.text) for __use_two_region_memory
    startup_stm32f10x_hd.o(.text) refers to system_stm32f10x.o(i.SystemInit) for SystemInit
    startup_stm32f10x_hd.o(.text) refers to __main.o(!!!main) for __main
    startup_stm32f10x_hd.o(.text) refers to startup_stm32f10x_hd.o(HEAP) for Heap_Mem
    startup_stm32f10x_hd.o(.text) refers to startup_stm32f10x_hd.o(STACK) for Stack_Mem
    main.o(i.SysInit) refers to misc.o(i.NVIC_PriorityGroupConfig) for NVIC_PriorityGroupConfig
    main.o(i.SysInit) refers to stm32f10x_rcc.o(i.RCC_APB2PeriphClockCmd) for RCC_APB2PeriphClockCmd
    main.o(i.SysInit) refers to stm32f10x_gpio.o(i.GPIO_PinRemapConfig) for GPIO_PinRemapConfig
    main.o(i.SysInit) refers to stm32f10x_gpio.o(i.GPIO_Init) for GPIO_Init
    main.o(i.SysInit) refers to stm32f10x_gpio.o(i.GPIO_SetBits) for GPIO_SetBits
    main.o(i.SysInit) refers to hal_uart.o(i.HALUart1Init) for HALUart1Init
    main.o(i.SysInit) refers to system_stm32f10x.o(.data) for SystemCoreClock
    main.o(i.main) refers to _printf_percent.o(.ARM.Collect$$_printf_percent$$00000000) for _printf_percent
    main.o(i.main) refers to _printf_s.o(.ARM.Collect$$_printf_percent$$00000014) for _printf_s
    main.o(i.main) refers to _printf_str.o(.text) for _printf_str
    main.o(i.main) refers to _printf_d.o(.ARM.Collect$$_printf_percent$$00000009) for _printf_d
    main.o(i.main) refers to _printf_dec.o(.text) for _printf_int_dec
    main.o(i.main) refers to main.o(i.SysInit) for SysInit
    main.o(i.main) refers to noretval__2printf.o(.text) for __2printf
    main.o(i.main) refers to sx126x_example_recive.o(i.ExampleSX126xReciveDemo) for ExampleSX126xReciveDemo
    main.o(i.main) refers to stm32f10x_it.o(i.Get_SysTick) for Get_SysTick
    main.o(i.main) refers to stm32f10x_gpio.o(i.GPIO_ResetBits) for GPIO_ResetBits
    main.o(i.main) refers to delay.o(i.delay_ms) for delay_ms
    main.o(i.main) refers to stm32f10x_gpio.o(i.GPIO_SetBits) for GPIO_SetBits
    stm32f10x_it.o(i.Get_SysTick) refers to stm32f10x_it.o(.data) for systickCount
    stm32f10x_it.o(i.SysTick_Handler) refers to stm32f10x_it.o(.data) for systickCount
    system_stm32f10x.o(i.SetSysClock) refers to system_stm32f10x.o(i.SetSysClockTo72) for SetSysClockTo72
    system_stm32f10x.o(i.SystemCoreClockUpdate) refers to system_stm32f10x.o(.data) for SystemCoreClock
    system_stm32f10x.o(i.SystemInit) refers to system_stm32f10x.o(i.SetSysClock) for SetSysClock
    stm32f10x_flash.o(i.FLASH_EnableWriteProtection) refers to stm32f10x_flash.o(i.FLASH_WaitForLastOperation) for FLASH_WaitForLastOperation
    stm32f10x_flash.o(i.FLASH_EraseAllBank1Pages) refers to stm32f10x_flash.o(i.FLASH_WaitForLastBank1Operation) for FLASH_WaitForLastBank1Operation
    stm32f10x_flash.o(i.FLASH_EraseAllPages) refers to stm32f10x_flash.o(i.FLASH_WaitForLastOperation) for FLASH_WaitForLastOperation
    stm32f10x_flash.o(i.FLASH_EraseOptionBytes) refers to stm32f10x_flash.o(i.FLASH_GetReadOutProtectionStatus) for FLASH_GetReadOutProtectionStatus
[...]
    i.HALUart1Init                           0x080009b8   Section        0  hal_uart.o(i.HALUart1Init)
    i.HardFault_Handler                      0x08000a64   Section        0  stm32f10x_it.o(i.HardFault_Handler)
    i.MemManage_Handler                      0x08000a68   Section        0  stm32f10x_it.o(i.MemManage_Handler)
    i.NMI_Handler                            0x08000a6c   Section        0  stm32f10x_it.o(i.NMI_Handler)
    i.NVIC_Init                              0x08000a70   Section        0  misc.o(i.NVIC_Init)
    i.NVIC_PriorityGroupConfig               0x08000ae0   Section        0  misc.o(i.NVIC_PriorityGroupConfig)
    i.PendSV_Handler                         0x08000af4   Section        0  stm32f10x_it.o(i.PendSV_Handler)
    i.RCC_APB1PeriphClockCmd                 0x08000af8   Section        0  stm32f10x_rcc.o(i.RCC_APB1PeriphClockCmd)
    i.RCC_APB1PeriphResetCmd                 0x08000b18   Section        0  stm32f10x_rcc.o(i.RCC_APB1PeriphResetCmd)
    i.RCC_APB2PeriphClockCmd                 0x08000b38   Section        0  stm32f10x_rcc.o(i.RCC_APB2PeriphClockCmd)
    i.RCC_APB2PeriphResetCmd                 0x08000b58   Section        0  stm32f10x_rcc.o(i.RCC_APB2PeriphResetCmd)
    i.RCC_GetClocksFreq                      0x08000b78   Section        0  stm32f10x_rcc.o(i.RCC_GetClocksFreq)
    i.RadioCheckRfFrequency                  0x08000c4c   Section        0  radio.o(i.RadioCheckRfFrequency)
    i.RadioGetFskBandwidthRegValue           0x08000c54   Section        0  radio.o(i.RadioGetFskBandwidthRegValue)
    RadioGetFskBandwidthRegValue             0x08000c55   Thumb Code    56  radio.o(i.RadioGetFskBandwidthRegValue)
    i.RadioGetGfskTimeOnAirNumerator         0x08000c90   Section        0  radio.o(i.RadioGetGfskTimeOnAirNumerator)
    RadioGetGfskTimeOnAirNumerator           0x08000c91   Thumb Code    54  radio.o(i.RadioGetGfskTimeOnAirNumerator)
    i.RadioGetLoRaBandwidthInHz              0x08000cc8   Section        0  radio.o(i.RadioGetLoRaBandwidthInHz)
    RadioGetLoRaBandwidthInHz                0x08000cc9   Thumb Code    82  radio.o(i.RadioGetLoRaBandwidthInHz)
    i.RadioGetLoRaTimeOnAirNumerator         0x08000d28   Section        0  radio.o(i.RadioGetLoRaTimeOnAirNumerator)
    RadioGetLoRaTimeOnAirNumerator           0x08000d29   Thumb Code   178  radio.o(i.RadioGetLoRaTimeOnAirNumerator)
    i.RadioGetStatus                         0x08000dda   Section        0  radio.o(i.RadioGetStatus)
    i.RadioGetWakeupTime                     0x08000dfe   Section        0  radio.o(i.RadioGetWakeupTime)
    i.RadioInit                              0x08000e08   Section        0  radio.o(i.RadioInit)
    i.RadioIrqProcess                        0x08000e5c   Section        0  radio.o(i.RadioIrqProcess)
    i.RadioIsChannelFree                     0x0800100c   Section        0  radio.o(i.RadioIsChannelFree)
    i.RadioOnDioIrq                          0x08001094   Section        0  radio.o(i.RadioOnDioIrq)
    i.RadioOnRxTimeoutIrq                    0x080010a0   Section        0  radio.o(i.RadioOnRxTimeoutIrq)
    i.RadioOnTxTimeoutIrq                    0x080010c0   Section        0  radio.o(i.RadioOnTxTimeoutIrq)
    i.RadioRandom                            0x080010e0   Section        0  radio.o(i.RadioRandom)
    i.RadioRead                              0x08001100   Section        0  radio.o(i.RadioRead)
    i.RadioReadBuffer                        0x0800110c   Section        0  radio.o(i.RadioReadBuffer)
    i.RadioRssi                              0x08001120   Section        0  radio.o(i.RadioRssi)
    i.RadioRx                                0x0800112c   Section        0  radio.o(i.RadioRx)
    i.RadioRxBoosted                         0x08001170   Section        0  radio.o(i.RadioRxBoosted)
    i.RadioSend                              0x080011b4   Section        0  radio.o(i.RadioSend)
    i.RadioSetChannel                        0x08001200   Section        0  radio.o(i.RadioSetChannel)
    i.RadioSetMaxPayloadLength               0x0800120c   Section        0  radio.o(i.RadioSetMaxPayloadLength)
    i.RadioSetModem                          0x08001244   Section        0  radio.o(i.RadioSetModem)
    i.RadioSetPublicNetwork                  0x08001288   Section        0  radio.o(i.RadioSetPublicNetwork)
    i.RadioSetRxConfig                       0x080012cc   Section        0  radio.o(i.RadioSetRxConfig)
    i.RadioSetRxDutyCycle                    0x080014e8   Section        0  radio.o(i.RadioSetRxDutyCycle)
    i.RadioSetTxConfig                       0x080014f8   Section        0  radio.o(i.RadioSetTxConfig)
    i.RadioSetTxContinuousWave               0x080016cc   Section        0  radio.o(i.RadioSetTxContinuousWave)
    i.RadioSleep                             0x080016fc   Section        0  radio.o(i.RadioSleep)
    i.RadioStandby                           0x0800171c   Section        0  radio.o(i.RadioStandby)
    i.RadioStartCad                          0x08001726   Section        0  radio.o(i.RadioStartCad)
    i.RadioTimeOnAir                         0x0800173c   Section        0  radio.o(i.RadioTimeOnAir)
    i.RadioWrite                             0x080017b8   Section        0  radio.o(i.RadioWrite)
    i.RadioWriteBuffer                       0x080017c8   Section        0  radio.o(i.RadioWriteBuffer)
    i.SPI_Cmd                                0x080017dc   Section        0  stm32f10x_spi.o(i.SPI_Cmd)
    i.SPI_I2S_GetFlagStatus                  0x080017f4   Section        0  stm32f10x_spi.o(i.SPI_I2S_GetFlagStatus)
    i.SPI_I2S_ReceiveData                    0x08001806   Section        0  stm32f10x_spi.o(i.SPI_I2S_ReceiveData)
    i.SPI_I2S_SendData                       0x0800180c   Section        0  stm32f10x_spi.o(i.SPI_I2S_SendData)
    i.SPI_Init                               0x08001810   Section        0  stm32f10x_spi.o(i.SPI_Init)
    i.SVC_Handler                            0x0800184c   Section        0  stm32f10x_it.o(i.SVC_Handler)
    i.SX126xAntSwOff                         0x0800184e   Section        0  radio.o(i.SX126xAntSwOff)
    i.SX126xAntSwOn                          0x08001850   Section        0  radio.o(i.SX126xAntSwOn)
    i.SX126xCalibrateImage                   0x08001854   Section        0  sx126x.o(i.SX126xCalibrateImage)
    i.SX126xCheckDeviceReady                 0x080018dc   Section        0  sx126x.o(i.SX126xCheckDeviceReady)
    i.SX126xClearIrqStatus                   0x080018fa   Section        0  sx126x.o(i.SX126xClearIrqStatus)
    i.SX126xConvertFreqInHzToPllStep         0x08001916   Section        0  sx126x.o(i.SX126xConvertFreqInHzToPllStep)
    SX126xConvertFreqInHzToPllStep           0x08001917   Thumb Code    36  sx126x.o(i.SX126xConvertFreqInHzToPllStep)
    i.SX126xDelayMs                          0x0800193a   Section        0  sx126xstm32f103-board.o(i.SX126xDelayMs)
    i.SX126xGetBoardTcxoWakeupTime           0x08001946   Section        0  radio.o(i.SX126xGetBoardTcxoWakeupTime)
    i.SX126xGetDeviceId                      0x0800194a   Section        0  radio.o(i.SX126xGetDeviceId)
    i.SX126xGetIrqStatus                     0x0800194e   Section        0  sx126x.o(i.SX126xGetIrqStatus)
    i.SX126xGetOperatingMode                 0x08001968   Section        0  radio.o(i.SX126xGetOperatingMode)
    i.SX126xGetPacketStatus                  0x08001974   Section        0  sx126x.o(i.SX126xGetPacketStatus)
    i.SX126xGetPacketType                    0x08001a00   Section        0  sx126x.o(i.SX126xGetPacketType)
    i.SX126xGetPayload                       0x08001a0c   Section        0  sx126x.o(i.SX126xGetPayload)
    i.SX126xGetRandom                        0x08001a3a   Section        0  sx126x.o(i.SX126xGetRandom)
    i.SX126xGetRssiInst                      0x08001aa2   Section        0  sx126x.o(i.SX126xGetRssiInst)
    i.SX126xGetRxBufferStatus                0x08001ac0   Section        0  sx126x.o(i.SX126xGetRxBufferStatus)
    i.SX126xInit                             0x08001b00   Section        0  sx126x.o(i.SX126xInit)
    i.SX126xIoInit                           0x08001b28   Section        0  sx126xstm32f103-board.o(i.SX126xIoInit)
    i.SX126xIoIrqInit                        0x08001be0   Section        0  sx126xstm32f103-board.o(i.SX126xIoIrqInit)
    i.SX126xIoRfSwitchInit                   0x08001c6c   Section        0  radio.o(i.SX126xIoRfSwitchInit)
    i.SX126xIoTcxoInit                       0x08001c76   Section        0  radio.o(i.SX126xIoTcxoInit)
    i.SX126xOnRxDone                         0x08001c78   Section        0  sx126x_example_recive.o(i.SX126xOnRxDone)
    SX126xOnRxDone                           0x08001c79   Thumb Code   108  sx126x_example_recive.o(i.SX126xOnRxDone)
    i.SX126xOnRxError                        0x08001d44   Section        0  sx126x_example_recive.o(i.SX126xOnRxError)
    SX126xOnRxError                          0x08001d45   Thumb Code    26  sx126x_example_recive.o(i.SX126xOnRxError)
    i.SX126xOnRxTimeout                      0x08001d7c   Section        0  sx126x_example_recive.o(i.SX126xOnRxTimeout)
    SX126xOnRxTimeout                        0x08001d7d   Thumb Code    26  sx126x_example_recive.o(i.SX126xOnRxTimeout)
    i.SX126xOnTxDone                         0x08001db8   Section        0  sx126x_example_recive.o(i.SX126xOnTxDone)
    SX126xOnTxDone                           0x08001db9   Thumb Code    52  sx126x_example_recive.o(i.SX126xOnTxDone)
    i.SX126xOnTxTimeout                      0x08001e00   Section        0  sx126x_example_recive.o(i.SX126xOnTxTimeout)
    SX126xOnTxTimeout                        0x08001e01   Thumb Code    10  sx126x_example_recive.o(i.SX126xOnTxTimeout)
    i.SX126xReadBuffer                       0x08001e18   Section        0  radio.o(i.SX126xReadBuffer)
    i.SX126xReadCommand                      0x08001e62   Section        0  radio.o(i.SX126xReadCommand)
    i.SX126xReadRegister                     0x08001eae   Section        0  radio.o(i.SX126xReadRegister)
    i.SX126xReadRegisters                    0x08001ec2   Section        0  radio.o(i.SX126xReadRegisters)
    i.SX126xReset                            0x08001f14   Section        0  sx126xstm32f103-board.o(i.SX126xReset)
    i.SX126xRxTimerStart                     0x08001f68   Section        0  sx126xstm32f103-board.o(i.SX126xRxTimerStart)
    i.SX126xRxTimerStop                      0x08001fa8   Section        0  sx126xstm32f103-board.o(i.SX126xRxTimerStop)
    i.SX126xSendPayload                      0x08001fe0   Section        0  sx126x.o(i.SX126xSendPayload)
    i.SX126xSetBufferBaseAddress             0x08001ff8   Section        0  sx126x.o(i.SX126xSetBufferBaseAddress)
    i.SX126xSetCad                           0x08002012   Section        0  sx126x.o(i.SX126xSetCad)
    i.SX126xSetCrcPolynomial                 0x08002026   Section        0  sx126x.o(i.SX126xSetCrcPolynomial)
    i.SX126xSetCrcSeed                       0x08002050   Section        0  sx126x.o(i.SX126xSetCrcSeed)
    i.SX126xSetDio2AsRfSwitchCtrl            0x0800207a   Section        0  sx126x.o(i.SX126xSetDio2AsRfSwitchCtrl)
    i.SX126xSetDioIrqParams                  0x08002088   Section        0  sx126x.o(i.SX126xSetDioIrqParams)
    i.SX126xSetLoRaSymbNumTimeout            0x080020d2   Section        0  sx126x.o(i.SX126xSetLoRaSymbNumTimeout)
    i.SX126xSetModulationParams              0x08002128   Section        0  sx126x.o(i.SX126xSetModulationParams)
    i.SX126xSetNss                           0x080021d8   Section        0  sx126xstm32f103-board.o(i.SX126xSetNss)
    i.SX126xSetOperatingMode                 0x080021f8   Section        0  radio.o(i.SX126xSetOperatingMode)
    i.SX126xSetPaConfig                      0x08002204   Section        0  sx126x.o(i.SX126xSetPaConfig)
    i.SX126xSetPacketParams                  0x0800222c   Section        0  sx126x.o(i.SX126xSetPacketParams)
    i.SX126xSetPacketType                    0x08002314   Section        0  sx126x.o(i.SX126xSetPacketType)
    i.SX126xSetPayload                       0x08002330   Section        0  sx126x.o(i.SX126xSetPayload)
    i.SX126xSetRegulatorMode                 0x08002342   Section        0  sx126x.o(i.SX126xSetRegulatorMode)
    i.SX126xSetRfFrequency                   0x08002350   Section        0  sx126x.o(i.SX126xSetRfFrequency)
    i.SX126xSetRfTxPower                     0x08002398   Section        0  radio.o(i.SX126xSetRfTxPower)
    i.SX126xSetRx                            0x080023a6   Section        0  sx126x.o(i.SX126xSetRx)
    i.SX126xSetRxBoosted                     0x080023ce   Section        0  sx126x.o(i.SX126xSetRxBoosted)
    i.SX126xSetRxDutyCycle                   0x08002400   Section        0  sx126x.o(i.SX126xSetRxDutyCycle)
    i.SX126xSetRxTimerValue                  0x0800243c   Section        0  sx126xstm32f103-board.o(i.SX126xSetRxTimerValue)
    i.SX126xSetSleep                         0x0800247c   Section        0  sx126x.o(i.SX126xSetSleep)
    i.SX126xSetStandby                       0x080024bc   Section        0  sx126x.o(i.SX126xSetStandby)
    i.SX126xSetStopRxTimerOnPreambleDetect   0x080024de   Section        0  sx126x.o(i.SX126xSetStopRxTimerOnPreambleDetect)
    i.SX126xSetSyncWord                      0x080024ec   Section        0  sx126x.o(i.SX126xSetSyncWord)
    i.SX126xSetTx                            0x08002500   Section        0  sx126x.o(i.SX126xSetTx)
    i.SX126xSetTxContinuousWave              0x08002528   Section        0  sx126x.o(i.SX126xSetTxContinuousWave)
    i.SX126xSetTxParams                      0x0800253c   Section        0  sx126x.o(i.SX126xSetTxParams)
    i.SX126xSetTxTimerValue                  0x080025c8   Section        0  sx126xstm32f103-board.o(i.SX126xSetTxTimerValue)
    i.SX126xSetWhiteningSeed                 0x08002608   Section        0  sx126x.o(i.SX126xSetWhiteningSeed)
    i.SX126xSpiInOut                         0x08002642   Section        0  sx126xstm32f103-board.o(i.SX126xSpiInOut)
    i.SX126xTimerInit                        0x08002650   Section        0  sx126xstm32f103-board.o(i.SX126xTimerInit)
    i.SX126xTxTimerStart                     0x080026d8   Section        0  sx126xstm32f103-board.o(i.SX126xTxTimerStart)
    i.SX126xTxTimerStop                      0x08002718   Section        0  sx126xstm32f103-board.o(i.SX126xTxTimerStop)
    i.SX126xWaitOnBusy                       0x08002750   Section        0  sx126xstm32f103-board.o(i.SX126xWaitOnBusy)
    i.SX126xWakeup                           0x08002798   Section        0  radio.o(i.SX126xWakeup)
    i.SX126xWriteBuffer                      0x080027be   Section        0  radio.o(i.SX126xWriteBuffer)
    i.SX126xWriteCommand                     0x08002800   Section        0  radio.o(i.SX126xWriteCommand)
    i.SX126xWriteRegister                    0x08002840   Section        0  radio.o(i.SX126xWriteRegister)
    i.SX126xWriteRegisters                   0x08002850   Section        0  radio.o(i.SX126xWriteRegisters)
    i.SetSysClock                            0x08002898   Section        0  system_stm32f10x.o(i.SetSysClock)
    SetSysClock                              0x08002899   Thumb Code     8  system_stm32f10x.o(i.SetSysClock)
    i.SetSysClockTo72                        0x080028a0   Section        0  system_stm32f10x.o(i.SetSysClockTo72)
    SetSysClockTo72                          0x080028a1   Thumb Code   214  system_stm32f10x.o(i.SetSysClockTo72)
    i.Spi1Init                               0x08002980   Section        0  hal_spi.o(i.Spi1Init)
    i.SysInit                                0x08002a2c   Section        0  main.o(i.SysInit)
    i.SysTick_Handler                        0x08002ae0   Section        0  stm32f10x_it.o(i.SysTick_Handler)
    i.SystemInit                             0x08002af0   Section        0  system_stm32f10x.o(i.SystemInit)
    i.TIM3_IRQHandler                        0x08002b50   Section        0  sx126xstm32f103-board.o(i.TIM3_IRQHandler)
    i.TIM_ClearITPendingBit                  0x08002c10   Section        0  stm32f10x_tim.o(i.TIM_ClearITPendingBit)
    i.TIM_Cmd                                0x08002c16   Section        0  stm32f10x_tim.o(i.TIM_Cmd)
    i.TIM_GetITStatus                        0x08002c2e   Section        0  stm32f10x_tim.o(i.TIM_GetITStatus)
    i.TIM_ITConfig                           0x08002c50   Section        0  stm32f10x_tim.o(i.TIM_ITConfig)
    i.TIM_TimeBaseInit                       0x08002c64   Section        0  stm32f10x_tim.o(i.TIM_TimeBaseInit)
    i.USART1_IRQHandler                      0x08002d08   Section        0  hal_uart.o(i.USART1_IRQHandler)
    i.USART_ClearFlag                        0x08002d34   Section        0  stm32f10x_usart.o(i.USART_ClearFlag)
    i.USART_Cmd                              0x08002d46   Section        0  stm32f10x_usart.o(i.USART_Cmd)
    i.USART_DeInit                           0x08002d60   Section        0  stm32f10x_usart.o(i.USART_DeInit)
    i.USART_GetFlagStatus                    0x08002dfc   Section        0  stm32f10x_usart.o(i.USART_GetFlagStatus)
    i.USART_ITConfig                         0x08002e16   Section        0  stm32f10x_usart.o(i.USART_ITConfig)
    i.USART_Init                             0x08002e60   Section        0  stm32f10x_usart.o(i.USART_Init)
    i.USART_ReceiveData                      0x08002f38   Section        0  stm32f10x_usart.o(i.USART_ReceiveData)
    i.USART_SendData                         0x08002f42   Section        0  stm32f10x_usart.o(i.USART_SendData)
    i.UsageFault_Handler                     0x08002f4a   Section        0  stm32f10x_it.o(i.UsageFault_Handler)
    i._sys_exit                              0x08002f4e   Section        0  hal_uart.o(i._sys_exit)
    i.delay_ms                               0x08002f52   Section        0  delay.o(i.delay_ms)
    i.delay_us                               0x08002f64   Section        0  delay.o(i.delay_us)
    i.fputc                                  0x08002f80   Section        0  hal_uart.o(i.fputc)
    i.main                                   0x08002fa4   Section        0  main.o(i.main)
    .constdata                               0x0800303c   Section      118  sx126xstm32f103-board.o(.constdata)
    __func__                                 0x0800303c   Data          22  sx126xstm32f103-board.o(.constdata)
    __func__                                 0x08003052   Data          19  sx126xstm32f103-board.o(.constdata)
    __func__                                 0x08003065   Data          18  sx126xstm32f103-board.o(.constdata)
    __func__                                 0x08003077   Data          22  sx126xstm32f103-board.o(.constdata)
    __func__                                 0x0800308d   Data          19  sx126xstm32f103-board.o(.constdata)
    __func__                                 0x080030a0   Data          18  sx126xstm32f103-board.o(.constdata)
    .constdata                               0x080030b4   Section      287  radio.o(.constdata)
    .constdata                               0x080031d3   Section       24  sx126x_example_recive.o(.constdata)
    __func__                                 0x080031d3   Data          24  sx126x_example_recive.o(.constdata)
    .data                                    0x20000000   Section        4  stm32f10x_it.o(.data)
    systickCount                             0x20000000   Data           4  stm32f10x_it.o(.data)
    .data                                    0x20000004   Section       20  system_stm32f10x.o(.data)
    .data                                    0x20000018   Section       20  stm32f10x_rcc.o(.data)
    APBAHBPrescTable                         0x20000018   Data          16  stm32f10x_rcc.o(.data)
    ADCPrescTable                            0x20000028   Data           4  stm32f10x_rcc.o(.data)
    .data                                    0x2000002c   Section        4  hal_uart.o(.data)
    .data                                    0x20000030   Section        8  sx126xstm32f103-board.o(.data)
    dio1IrqCallback                          0x20000030   Data           4  sx126xstm32f103-board.o(.data)
    timer_count                              0x20000034   Data           4  sx126xstm32f103-board.o(.data)
    .data                                    0x20000038   Section       21  radio.o(.data)
    RadioPublicNetwork                       0x20000046   Data           2  radio.o(.data)
    RadioEvents                              0x20000048   Data           4  radio.o(.data)
    OperatingMode                            0x2000004c   Data           1  radio.o(.data)
    .data                                    0x20000050   Section        9  sx126x.o(.data)
    PacketType                               0x20000050   Data           1  sx126x.o(.data)
    LoRaHeaderType                           0x20000051   Data           1  sx126x.o(.data)
    ImageCalibrated                          0x20000058   Data           1  sx126x.o(.data)
    .bss                                     0x2000005c   Section       24  sx126xstm32f103-board.o(.bss)
    txTimerHandle                            0x2000005c   Data          12  sx126xstm32f103-board.o(.bss)
    rxTimerHandle                            0x20000068   Data          12  sx126xstm32f103-board.o(.bss)
    .bss                                     0x20000074   Section      336  radio.o(.bss)
    .bss                                     0x200001c4   Section       36  sx126x_example_recive.o(.bss)
    SX126xRadioEvents                        0x200001c4   Data          36  sx126x_example_recive.o(.bss)
    .bss                                     0x200001e8   Section       96  libspace.o(.bss)
    HEAP                                     0x20000248   Section      512  startup_stm32f10x_hd.o(HEAP)
    Heap_Mem                                 0x20000248   Data         512  startup_stm32f10x_hd.o(HEAP)
    STACK                                    0x20000448   Section     1024  startup_stm32f10x_hd.o(STACK)
    Stack_Mem                                0x20000448   Data        1024  startup_stm32f10x_hd.o(STACK)
    __initial_sp                             0x20000848   Data           0  startup_stm32f10x_hd.o(STACK)

    Global Symbols

    Symbol Name                              Value     Ov Type        Size  Object(Section)

    BuildAttributes$$THM_ISAv4$P$D$K$B$S$PE$A:L22UL41UL21$X:L11$S22US41US21$IEEE1$IW$USESV6$~STKCKD$USESV7$~SHL$OSPACE$ROPI$EBA8$UX$STANDARDLIB$REQ8$PRES8$EABIv2 0x00000000   Number         0  anon$$obj.o ABSOLUTE
    __ARM_use_no_argv                        0x00000000   Number         0  main.o ABSOLUTE
    __ARM_exceptions_init                     - Undefined Weak Reference
    __alloca_initialize                       - Undefined Weak Reference
    __arm_preinit_                            - Undefined Weak Reference
    __cpp_initialize__aeabi_                  - Undefined Weak Reference
    __cxa_finalize                            - Undefined Weak Reference
    __rt_locale                               - Undefined Weak Reference
    __sigvec_lookup                           - Undefined Weak Reference
    _atexit_init                              - Undefined Weak Reference
    _call_atexit_fns                          - Undefined Weak Reference
    _clock_init                               - Undefined Weak Reference
    _fp_trap_init                             - Undefined Weak Reference
    _fp_trap_shutdown                         - Undefined Weak Reference
    _get_lc_collate                           - Undefined Weak Reference
    _get_lc_ctype                             - Undefined Weak Reference
    _get_lc_monetary                          - Undefined Weak Reference
    _get_lc_numeric                           - Undefined Weak Reference
    _get_lc_time                              - Undefined Weak Reference
    _getenv_init                              - Undefined Weak Reference
    _handle_redirection                       - Undefined Weak Reference
    _init_alloc                               - Undefined Weak Reference
    _init_user_alloc                          - Undefined Weak Reference
    _initio                                   - Undefined Weak Reference
    _mutex_acquire                            - Undefined Weak Reference
    _mutex_release                            - Undefined Weak Reference
    _printf_mbtowc                            - Undefined Weak Reference
    _printf_post_padding                      - Undefined Weak Reference
    _printf_pre_padding                       - Undefined Weak Reference
    _printf_truncate_signed                   - Undefined Weak Reference
    _printf_truncate_unsigned                 - Undefined Weak Reference
    _rand_init                                - Undefined Weak Reference
    _signal_finish                            - Undefined Weak Reference
    _signal_init                              - Undefined Weak Reference
    _terminate_alloc                          - Undefined Weak Reference
    _terminate_user_alloc                     - Undefined Weak Reference
    _terminateio                              - Undefined Weak Reference
    __Vectors_Size                           0x00000130   Number         0  startup_stm32f10x_hd.o ABSOLUTE
    __Vectors                                0x08000000   Data           4  startup_stm32f10x_hd.o(RESET)
    __Vectors_End                            0x08000130   Data           0  startup_stm32f10x_hd.o(RESET)
    __main                                   0x08000131   Thumb Code     8  __main.o(!!!main)
    __scatterload                            0x08000139   Thumb Code     0  __scatter.o(!!!scatter)
    __scatterload_rt2                        0x08000139   Thumb Code    44  __scatter.o(!!!scatter)
    __scatterload_rt2_thumb_only             0x08000139   Thumb Code     0  __scatter.o(!!!scatter)
    __scatterload_null                       0x08000147   Thumb Code     0  __scatter.o(!!!scatter)
    __scatterload_copy                       0x0800016d   Thumb Code    26  __scatter_copy.o(!!handler_copy)
    __scatterload_zeroinit                   0x08000189   Thumb Code    28  __scatter_zi.o(!!handler_zi)
    _printf_d                                0x080001a5   Thumb Code     0  _printf_d.o(.ARM.Collect$$_printf_percent$$00000009)
    _printf_percent                          0x080001a5   Thumb Code     0  _printf_percent.o(.ARM.Collect$$_printf_percent$$00000000)
    _printf_s                                0x080001ab   Thumb Code     0  _printf_s.o(.ARM.Collect$$_printf_percent$$00000014)
    _printf_percent_end                      0x080001b1   Thumb Code     0  _printf_percent_end.o(.ARM.Collect$$_printf_percent$$00000017)
    __rt_lib_init                            0x080001b5   Thumb Code     0  libinit.o(.ARM.Collect$$libinit$$00000000)
    __rt_lib_init_alloca_1                   0x080001b7   Thumb Code     0  libinit2.o(.ARM.Collect$$libinit$$0000002E)
    __rt_lib_init_argv_1                     0x080001b7   Thumb Code     0  libinit2.o(.ARM.Collect$$libinit$$0000002C)
    __rt_lib_init_atexit_1                   0x080001b7   Thumb Code     0  libinit2.o(.ARM.Collect$$libinit$$0000001B)
    __rt_lib_init_clock_1                    0x080001b7   Thumb Code     0  libinit2.o(.ARM.Collect$$libinit$$00000021)
    __rt_lib_init_cpp_1                      0x080001b7   Thumb Code     0  libinit2.o(.ARM.Collect$$libinit$$00000032)
    __rt_lib_init_exceptions_1               0x080001b7   Thumb Code     0  libinit2.o(.ARM.Collect$$libinit$$00000030)
    __rt_lib_init_fp_1                       0x080001b7   Thumb Code     0  libinit2.o(.ARM.Collect$$libinit$$00000002)
    __rt_lib_init_fp_trap_1                  0x080001b7   Thumb Code     0  libinit2.o(.ARM.Collect$$libinit$$0000001F)
    __rt_lib_init_getenv_1                   0x080001b7   Thumb Code     0  libinit2.o(.ARM.Collect$$libinit$$00000023)
    __rt_lib_init_heap_1                     0x080001b7   Thumb Code     0  libinit2.o(.ARM.Collect$$libinit$$0000000A)
    __rt_lib_init_lc_collate_1               0x080001b7   Thumb Code     0  libinit2.o(.ARM.Collect$$libinit$$00000011)
    __rt_lib_init_lc_ctype_1                 0x080001b7   Thumb Code     0  libinit2.o(.ARM.Collect$$libinit$$00000013)
    __rt_lib_init_lc_monetary_1              0x080001b7   Thumb Code     0  libinit2.o(.ARM.Collect$$libinit$$00000015)
    __rt_lib_init_lc_numeric_1               0x080001b7   Thumb Code     0  libinit2.o(.ARM.Collect$$libinit$$00000017)
    __rt_lib_init_lc_time_1                  0x080001b7   Thumb Code     0  libinit2.o(.ARM.Collect$$libinit$$00000019)
    __rt_lib_init_preinit_1                  0x080001b7   Thumb Code     0  libinit2.o(.ARM.Collect$$libinit$$00000004)
    __rt_lib_init_rand_1                     0x080001b7   Thumb Code     0  libinit2.o(.ARM.Collect$$libinit$$0000000E)
    __rt_lib_init_return                     0x080001b7   Thumb Code     0  libinit2.o(.ARM.Collect$$libinit$$00000033)
    __rt_lib_init_signal_1                   0x080001b7   Thumb Code     0  libinit2.o(.ARM.Collect$$libinit$$0000001D)
    __rt_lib_init_stdio_1                    0x080001b7   Thumb Code     0  libinit2.o(.ARM.Collect$$libinit$$00000025)
    __rt_lib_init_user_alloc_1               0x080001b7   Thumb Code     0  libinit2.o(.ARM.Collect$$libinit$$0000000C)
    __rt_lib_shutdown                        0x080001b9   Thumb Code     0  libshutdown.o(.ARM.Collect$$libshutdown$$00000000)
    __rt_lib_shutdown_cpp_1                  0x080001bb   Thumb Code     0  libshutdown2.o(.ARM.Collect$$libshutdown$$00000002)
    __rt_lib_shutdown_fp_trap_1              0x080001bb   Thumb Code     0  libshutdown2.o(.ARM.Collect$$libshutdown$$00000007)
    __rt_lib_shutdown_heap_1                 0x080001bb   Thumb Code     0  libshutdown2.o(.ARM.Collect$$libshutdown$$0000000F)
    __rt_lib_shutdown_return                 0x080001bb   Thumb Code     0  libshutdown2.o(.ARM.Collect$$libshutdown$$00000010)
    __rt_lib_shutdown_signal_1               0x080001bb   Thumb Code     0  libshutdown2.o(.ARM.Collect$$libshutdown$$0000000A)
    __rt_lib_shutdown_stdio_1                0x080001bb   Thumb Code     0  libshutdown2.o(.ARM.Collect$$libshutdown$$00000004)
    __rt_lib_shutdown_user_alloc_1           0x080001bb   Thumb Code     0  libshutdown2.o(.ARM.Collect$$libshutdown$$0000000C)
    __rt_entry                               0x080001bd   Thumb Code     0  __rtentry.o(.ARM.Collect$$rtentry$$00000000)
    __rt_entry_presh_1                       0x080001bd   Thumb Code     0  __rtentry2.o(.ARM.Collect$$rtentry$$00000002)
    __rt_entry_sh                            0x080001bd   Thumb Code     0  __rtentry4.o(.ARM.Collect$$rtentry$$00000004)
    __rt_entry_li                            0x080001c3   Thumb Code     0  __rtentry2.o(.ARM.Collect$$rtentry$$0000000A)
    __rt_entry_postsh_1                      0x080001c3   Thumb Code     0  __rtentry2.o(.ARM.Collect$$rtentry$$00000009)
    __rt_entry_main                          0x080001c7   Thumb Code     0  __rtentry2.o(.ARM.Collect$$rtentry$$0000000D)
    __rt_entry_postli_1                      0x080001c7   Thumb Code     0  __rtentry2.o(.ARM.Collect$$rtentry$$0000000C)
    __rt_exit                                0x080001cf   Thumb Code     0  rtexit.o(.ARM.Collect$$rtexit$$00000000)
    __rt_exit_ls                             0x080001d1   Thumb Code     0  rtexit2.o(.ARM.Collect$$rtexit$$00000003)
    __rt_exit_prels_1                        0x080001d1   Thumb Code     0  rtexit2.o(.ARM.Collect$$rtexit$$00000002)
    __rt_exit_exit                           0x080001d5   Thumb Code     0  rtexit2.o(.ARM.Collect$$rtexit$$00000004)
    Reset_Handler                            0x080001dd   Thumb Code     8  startup_stm32f10x_hd.o(.text)
    ADC1_2_IRQHandler                        0x080001f7   Thumb Code     0  startup_stm32f10x_hd.o(.text)
    ADC3_IRQHandler                          0x080001f7   Thumb Code     0  startup_stm32f10x_hd.o(.text)
    CAN1_RX1_IRQHandler                      0x080001f7   Thumb Code     0  startup_stm32f10x_hd.o(.text)
    CAN1_SCE_IRQHandler                      0x080001f7   Thumb Code     0  startup_stm32f10x_hd.o(.text)
    DMA1_Channel1_IRQHandler                 0x080001f7   Thumb Code     0  startup_stm32f10x_hd.o(.text)
    DMA1_Channel2_IRQHandler                 0x080001f7   Thumb Code     0  startup_stm32f10x_hd.o(.text)
    DMA1_Channel3_IRQHandler                 0x080001f7   Thumb Code     0  startup_stm32f10x_hd.o(.text)
    DMA1_Channel4_IRQHandler                 0x080001f7   Thumb Code     0  startup_stm32f10x_hd.o(.text)
    DMA1_Channel5_IRQHandler                 0x080001f7   Thumb Code     0  startup_stm32f10x_hd.o(.text)
    DMA1_Channel6_IRQHandler                 0x080001f7   Thumb Code     0  startup_stm32f10x_hd.o(.text)
    DMA1_Channel7_IRQHandler                 0x080001f7   Thumb Code     0  startup_stm32f10x_hd.o(.text)
    DMA2_Channel1_IRQHandler                 0x080001f7   Thumb Code     0  startup_stm32f10x_hd.o(.text)
    DMA2_Channel2_IRQHandler                 0x080001f7   Thumb Code     0  startup_stm32f10x_hd.o(.text)
    DMA2_Channel3_IRQHandler                 0x080001f7   Thumb Code     0  startup_stm32f10x_hd.o(.text)
    DMA2_Channel4_5_IRQHandler               0x080001f7   Thumb Code     0  startup_stm32f10x_hd.o(.text)
    EXTI0_IRQHandler                         0x080001f7   Thumb Code     0  startup_stm32f10x_hd.o(.text)
    EXTI1_IRQHandler                         0x080001f7   Thumb Code     0  startup_stm32f10x_hd.o(.text)
    EXTI2_IRQHandler                         0x080001f7   Thumb Code     0  startup_stm32f10x_hd.o(.text)
    EXTI3_IRQHandler                         0x080001f7   Thumb Code     0  startup_stm32f10x_hd.o(.text)
    EXTI4_IRQHandler                         0x080001f7   Thumb Code     0  startup_stm32f10x_hd.o(.text)
    EXTI9_5_IRQHandler                       0x080001f7   Thumb Code     0  startup_stm32f10x_hd.o(.text)
    FLASH_IRQHandler                         0x080001f7   Thumb Code     0  startup_stm32f10x_hd.o(.text)
    FSMC_IRQHandler                          0x080001f7   Thumb Code     0  startup_stm32f10x_hd.o(.text)
    I2C1_ER_IRQHandler                       0x080001f7   Thumb Code     0  startup_stm32f10x_hd.o(.text)
    I2C1_EV_IRQHandler                       0x080001f7   Thumb Code     0  startup_stm32f10x_hd.o(.text)
    I2C2_ER_IRQHandler                       0x080001f7   Thumb Code     0  startup_stm32f10x_hd.o(.text)
    I2C2_EV_IRQHandler                       0x080001f7   Thumb Code     0  startup_stm32f10x_hd.o(.text)
    PVD_IRQHandler                           0x080001f7   Thumb Code     0  startup_stm32f10x_hd.o(.text)
    RCC_IRQHandler                           0x080001f7   Thumb Code     0  startup_stm32f10x_hd.o(.text)
    RTCAlarm_IRQHandler                      0x080001f7   Thumb Code     0  startup_stm32f10x_hd.o(.text)
    RTC_IRQHandler                           0x080001f7   Thumb Code     0  startup_stm32f10x_hd.o(.text)
    SDIO_IRQHandler                          0x080001f7   Thumb Code     0  startup_stm32f10x_hd.o(.text)
    SPI1_IRQHandler                          0x080001f7   Thumb Code     0  startup_stm32f10x_hd.o(.text)
    SPI2_IRQHandler                          0x080001f7   Thumb Code     0  startup_stm32f10x_hd.o(.text)
    SPI3_IRQHandler                          0x080001f7   Thumb Code     0  startup_stm32f10x_hd.o(.text)
    TAMPER_IRQHandler                        0x080001f7   Thumb Code     0  startup_stm32f10x_hd.o(.text)
    TIM1_BRK_IRQHandler                      0x080001f7   Thumb Code     0  startup_stm32f10x_hd.o(.text)
    TIM1_CC_IRQHandler                       0x080001f7   Thumb Code     0  startup_stm32f10x_hd.o(.text)
    TIM1_TRG_COM_IRQHandler                  0x080001f7   Thumb Code     0  startup_stm32f10x_hd.o(.text)
    TIM1_UP_IRQHandler                       0x080001f7   Thumb Code     0  startup_stm32f10x_hd.o(.text)
    TIM2_IRQHandler                          0x080001f7   Thumb Code     0  startup_stm32f10x_hd.o(.text)
    TIM4_IRQHandler                          0x080001f7   Thumb Code     0  startup_stm32f10x_hd.o(.text)
    TIM5_IRQHandler                          0x080001f7   Thumb Code     0  startup_stm32f10x_hd.o(.text)
    TIM6_IRQHandler                          0x080001f7   Thumb Code     0  startup_stm32f10x_hd.o(.text)
    TIM7_IRQHandler                          0x080001f7   Thumb Code     0  startup_stm32f10x_hd.o(.text)
    TIM8_BRK_IRQHandler                      0x080001f7   Thumb Code     0  startup_stm32f10x_hd.o(.text)
    TIM8_CC_IRQHandler                       0x080001f7   Thumb Code     0  startup_stm32f10x_hd.o(.text)
    TIM8_TRG_COM_IRQHandler                  0x080001f7   Thumb Code     0  startup_stm32f10x_hd.o(.text)
    TIM8_UP_IRQHandler                       0x080001f7   Thumb Code     0  startup_stm32f10x_hd.o(.text)
    UART4_IRQHandler                         0x080001f7   Thumb Code     0  startup_stm32f10x_hd.o(.text)
    UART5_IRQHandler                         0x080001f7   Thumb Code     0  startup_stm32f10x_hd.o(.text)
    USART2_IRQHandler                        0x080001f7   Thumb Code     0  startup_stm32f10x_hd.o(.text)
    USART3_IRQHandler                        0x080001f7   Thumb Code     0  startup_stm32f10x_hd.o(.text)
    USBWakeUp_IRQHandler                     0x080001f7   Thumb Code     0  startup_stm32f10x_hd.o(.text)
    USB_HP_CAN1_TX_IRQHandler                0x080001f7   Thumb Code     0  startup_stm32f10x_hd.o(.text)
    USB_LP_CAN1_RX0_IRQHandler               0x080001f7   Thumb Code     0  startup_stm32f10x_hd.o(.text)
    WWDG_IRQHandler                          0x080001f7   Thumb Code     0  startup_stm32f10x_hd.o(.text)
    __user_initial_stackheap                 0x080001f9   Thumb Code     0  startup_stm32f10x_hd.o(.text)
    __use_no_semihosting                     0x0800021d   Thumb Code     2  use_no_semi_2.o(.text)
    __2printf                                0x08000221   Thumb Code    20  noretval__2printf.o(.text)
    __printf                                 0x08000239   Thumb Code   104  __printf.o(.text)
    _printf_str                              0x080002a1   Thumb Code    82  _printf_str.o(.text)
    _printf_int_dec                          0x080002f5   Thumb Code   104  _printf_dec.o(.text)
    __aeabi_memclr4                          0x0800036d   Thumb Code     0  rt_memclr_w.o(.text)
    __aeabi_memclr8                          0x0800036d   Thumb Code     0  rt_memclr_w.o(.text)
    __rt_memclr_w                            0x0800036d   Thumb Code    78  rt_memclr_w.o(.text)
    _memset_w                                0x08000371   Thumb Code     0  rt_memclr_w.o(.text)
    __use_two_region_memory                  0x080003bb   Thumb Code     2  heapauxi.o(.text)
    __rt_heap_escrow$2region                 0x080003bd   Thumb Code     2  heapauxi.o(.text)
    __rt_heap_expand$2region                 0x080003bf   Thumb Code     2  heapauxi.o(.text)
    __I$use$semihosting                      0x080003c1   Thumb Code     0  use_no_semi.o(.text)
    __use_no_semihosting_swi                 0x080003c1   Thumb Code     2  use_no_semi.o(.text)
    _printf_int_common                       0x080003c3   Thumb Code   178  _printf_intcommon.o(.text)
    _printf_cs_common                        0x08000475   Thumb Code    20  _printf_char.o(.text)
    _printf_char                             0x08000489   Thumb Code    16  _printf_char.o(.text)
    _printf_string                           0x08000499   Thumb Code     8  _printf_char.o(.text)
    _printf_char_file                        0x080004a1   Thumb Code    32  _printf_char_file.o(.text)
    _printf_char_common                      0x080004cf   Thumb Code    32  _printf_char_common.o(.text)
    ferror                                   0x080004f5   Thumb Code     8  ferror.o(.text)
    __user_setup_stackheap                   0x080004fd   Thumb Code    74  sys_stackheap_outer.o(.text)
    exit                                     0x08000547   Thumb Code    18  exit.o(.text)
    __user_libspace                          0x08000559   Thumb Code     8  libspace.o(.text)
    __user_perproc_libspace                  0x08000559   Thumb Code     0  libspace.o(.text)
    __user_perthread_libspace                0x08000559   Thumb Code     0  libspace.o(.text)
    BusFault_Handler                         0x08000561   Thumb Code     4  stm32f10x_it.o(i.BusFault_Handler)
    DebugMon_Handler                         0x08000565   Thumb Code     2  stm32f10x_it.o(i.DebugMon_Handler)
    EXTI15_10_IRQHandler                     0x08000569   Thumb Code    44  sx126xstm32f103-board.o(i.EXTI15_10_IRQHandler)
    EXTI_ClearITPendingBit                   0x080005a9   Thumb Code     6  stm32f10x_exti.o(i.EXTI_ClearITPendingBit)
    EXTI_Init                                0x080005b5   Thumb Code   142  stm32f10x_exti.o(i.EXTI_Init)
    ExampleSX126xReciveDemo                  0x08000649   Thumb Code   170  sx126x_example_recive.o(i.ExampleSX126xReciveDemo)
    GPIO_EXTILineConfig                      0x08000749   Thumb Code    60  stm32f10x_gpio.o(i.GPIO_EXTILineConfig)
    GPIO_Init                                0x08000789   Thumb Code   278  stm32f10x_gpio.o(i.GPIO_Init)
    GPIO_PinRemapConfig                      0x080008a1   Thumb Code   138  stm32f10x_gpio.o(i.GPIO_PinRemapConfig)
    GPIO_ReadInputDataBit                    0x08000931   Thumb Code    18  stm32f10x_gpio.o(i.GPIO_ReadInputDataBit)
    GPIO_ResetBits                           0x08000943   Thumb Code     4  stm32f10x_gpio.o(i.GPIO_ResetBits)
    GPIO_SetBits                             0x08000947   Thumb Code     4  stm32f10x_gpio.o(i.GPIO_SetBits)
    GPIO_WriteBit                            0x0800094b   Thumb Code    10  stm32f10x_gpio.o(i.GPIO_WriteBit)
    Get_SysTick                              0x08000955   Thumb Code     6  stm32f10x_it.o(i.Get_SysTick)
    HALSpi1InOut                             0x08000961   Thumb Code    82  hal_spi.o(i.HALSpi1InOut)
    HALUart1Init                             0x080009b9   Thumb Code   162  hal_uart.o(i.HALUart1Init)
    HardFault_Handler                        0x08000a65   Thumb Code     4  stm32f10x_it.o(i.HardFault_Handler)
    MemManage_Handler                        0x08000a69   Thumb Code     4  stm32f10x_it.o(i.MemManage_Handler)
    NMI_Handler                              0x08000a6d   Thumb Code     2  stm32f10x_it.o(i.NMI_Handler)
    NVIC_Init                                0x08000a71   Thumb Code   100  misc.o(i.NVIC_Init)
    NVIC_PriorityGroupConfig                 0x08000ae1   Thumb Code    10  misc.o(i.NVIC_PriorityGroupConfig)
    PendSV_Handler                           0x08000af5   Thumb Code     2  stm32f10x_it.o(i.PendSV_Handler)
    RCC_APB1PeriphClockCmd                   0x08000af9   Thumb Code    26  stm32f10x_rcc.o(i.RCC_APB1PeriphClockCmd)
    RCC_APB1PeriphResetCmd                   0x08000b19   Thumb Code    26  stm32f10x_rcc.o(i.RCC_APB1PeriphResetCmd)
    RCC_APB2PeriphClockCmd                   0x08000b39   Thumb Code    26  stm32f10x_rcc.o(i.RCC_APB2PeriphClockCmd)
    RCC_APB2PeriphResetCmd                   0x08000b59   Thumb Code    26  stm32f10x_rcc.o(i.RCC_APB2PeriphResetCmd)
    RCC_GetClocksFreq                        0x08000b79   Thumb Code   192  stm32f10x_rcc.o(i.RCC_GetClocksFreq)
    RadioCheckRfFrequency                    0x08000c4d   Thumb Code     6  radio.o(i.RadioCheckRfFrequency)
    RadioGetStatus                           0x08000ddb   Thumb Code    36  radio.o(i.RadioGetStatus)
    RadioGetWakeupTime                       0x08000dff   Thumb Code    10  radio.o(i.RadioGetWakeupTime)
    RadioInit                                0x08000e09   Thumb Code    72  radio.o(i.RadioInit)
    RadioIrqProcess                          0x08000e5d   Thumb Code   410  radio.o(i.RadioIrqProcess)
    RadioIsChannelFree                       0x0800100d   Thumb Code   136  radio.o(i.RadioIsChannelFree)
    RadioOnDioIrq                            0x08001095   Thumb Code     8  radio.o(i.RadioOnDioIrq)
    RadioOnRxTimeoutIrq                      0x080010a1   Thumb Code    28  radio.o(i.RadioOnRxTimeoutIrq)
    RadioOnTxTimeoutIrq                      0x080010c1   Thumb Code    28  radio.o(i.RadioOnTxTimeoutIrq)
    RadioRandom                              0x080010e1   Thumb Code    32  radio.o(i.RadioRandom)
    RadioRead                                0x08001101   Thumb Code    12  radio.o(i.RadioRead)
    RadioReadBuffer                          0x0800110d   Thumb Code    20  radio.o(i.RadioReadBuffer)
    RadioRssi                                0x08001121   Thumb Code    10  radio.o(i.RadioRssi)
    RadioRx                                  0x0800112d   Thumb Code    60  radio.o(i.RadioRx)
    RadioRxBoosted                           0x08001171   Thumb Code    60  radio.o(i.RadioRxBoosted)
    RadioSend                                0x080011b5   Thumb Code    68  radio.o(i.RadioSend)
    RadioSetChannel                          0x08001201   Thumb Code    12  radio.o(i.RadioSetChannel)
    RadioSetMaxPayloadLength                 0x0800120d   Thumb Code    46  radio.o(i.RadioSetMaxPayloadLength)
    RadioSetModem                            0x08001245   Thumb Code    64  radio.o(i.RadioSetModem)
    RadioSetPublicNetwork                    0x08001289   Thumb Code    64  radio.o(i.RadioSetPublicNetwork)
    RadioSetRxConfig                         0x080012cd   Thumb Code   512  radio.o(i.RadioSetRxConfig)
    RadioSetRxDutyCycle                      0x080014e9   Thumb Code    16  radio.o(i.RadioSetRxDutyCycle)
    RadioSetTxConfig                         0x080014f9   Thumb Code   444  radio.o(i.RadioSetTxConfig)
    RadioSetTxContinuousWave                 0x080016cd   Thumb Code    48  radio.o(i.RadioSetTxContinuousWave)
    RadioSleep                               0x080016fd   Thumb Code    32  radio.o(i.RadioSleep)
    RadioStandby                             0x0800171d   Thumb Code    10  radio.o(i.RadioStandby)
    RadioStartCad                            0x08001727   Thumb Code    22  radio.o(i.RadioStartCad)
    RadioTimeOnAir                           0x0800173d   Thumb Code   118  radio.o(i.RadioTimeOnAir)
    RadioWrite                               0x080017b9   Thumb Code    16  radio.o(i.RadioWrite)
    RadioWriteBuffer                         0x080017c9   Thumb Code    20  radio.o(i.RadioWriteBuffer)
    SPI_Cmd                                  0x080017dd   Thumb Code    24  stm32f10x_spi.o(i.SPI_Cmd)
    SPI_I2S_GetFlagStatus                    0x080017f5   Thumb Code    18  stm32f10x_spi.o(i.SPI_I2S_GetFlagStatus)
    SPI_I2S_ReceiveData                      0x08001807   Thumb Code     6  stm32f10x_spi.o(i.SPI_I2S_ReceiveData)
    SPI_I2S_SendData                         0x0800180d   Thumb Code     4  stm32f10x_spi.o(i.SPI_I2S_SendData)
    SPI_Init                                 0x08001811   Thumb Code    60  stm32f10x_spi.o(i.SPI_Init)
    SVC_Handler                              0x0800184d   Thumb Code     2  stm32f10x_it.o(i.SVC_Handler)
    SX126xAntSwOff                           0x0800184f   Thumb Code     2  radio.o(i.SX126xAntSwOff)
    SX126xAntSwOn                            0x08001851   Thumb Code     2  radio.o(i.SX126xAntSwOn)
    SX126xCalibrateImage                     0x08001855   Thumb Code   114  sx126x.o(i.SX126xCalibrateImage)
    SX126xCheckDeviceReady                   0x080018dd   Thumb Code    30  sx126x.o(i.SX126xCheckDeviceReady)
    SX126xClearIrqStatus                     0x080018fb   Thumb Code    28  sx126x.o(i.SX126xClearIrqStatus)
    SX126xDelayMs                            0x0800193b   Thumb Code    12  sx126xstm32f103-board.o(i.SX126xDelayMs)
    SX126xGetBoardTcxoWakeupTime             0x08001947   Thumb Code     4  radio.o(i.SX126xGetBoardTcxoWakeupTime)
    SX126xGetDeviceId                        0x0800194b   Thumb Code     4  radio.o(i.SX126xGetDeviceId)
    SX126xGetIrqStatus                       0x0800194f   Thumb Code    26  sx126x.o(i.SX126xGetIrqStatus)
    SX126xGetOperatingMode                   0x08001969   Thumb Code     6  radio.o(i.SX126xGetOperatingMode)
    SX126xGetPacketStatus                    0x08001975   Thumb Code   134  sx126x.o(i.SX126xGetPacketStatus)
    SX126xGetPacketType                      0x08001a01   Thumb Code     6  sx126x.o(i.SX126xGetPacketType)
    SX126xGetPayload                         0x08001a0d   Thumb Code    46  sx126x.o(i.SX126xGetPayload)
    SX126xGetRandom                          0x08001a3b   Thumb Code   104  sx126x.o(i.SX126xGetRandom)
    SX126xGetRssiInst                        0x08001aa3   Thumb Code    28  sx126x.o(i.SX126xGetRssiInst)
    SX126xGetRxBufferStatus                  0x08001ac1   Thumb Code    58  sx126x.o(i.SX126xGetRxBufferStatus)
    SX126xInit                               0x08001b01   Thumb Code    40  sx126x.o(i.SX126xInit)
    SX126xIoInit                             0x08001b29   Thumb Code   126  sx126xstm32f103-board.o(i.SX126xIoInit)
    SX126xIoIrqInit                          0x08001be1   Thumb Code   130  sx126xstm32f103-board.o(i.SX126xIoIrqInit)
    SX126xIoRfSwitchInit                     0x08001c6d   Thumb Code    10  radio.o(i.SX126xIoRfSwitchInit)
    SX126xIoTcxoInit                         0x08001c77   Thumb Code     2  radio.o(i.SX126xIoTcxoInit)
    SX126xReadBuffer                         0x08001e19   Thumb Code    74  radio.o(i.SX126xReadBuffer)
    SX126xReadCommand                        0x08001e63   Thumb Code    76  radio.o(i.SX126xReadCommand)
    SX126xReadRegister                       0x08001eaf   Thumb Code    20  radio.o(i.SX126xReadRegister)
    SX126xReadRegisters                      0x08001ec3   Thumb Code    80  radio.o(i.SX126xReadRegisters)
    SX126xReset                              0x08001f15   Thumb Code    80  sx126xstm32f103-board.o(i.SX126xReset)
    SX126xRxTimerStart                       0x08001f69   Thumb Code    28  sx126xstm32f103-board.o(i.SX126xRxTimerStart)
    SX126xRxTimerStop                        0x08001fa9   Thumb Code    22  sx126xstm32f103-board.o(i.SX126xRxTimerStop)
    SX126xSendPayload                        0x08001fe1   Thumb Code    24  sx126x.o(i.SX126xSendPayload)
    SX126xSetBufferBaseAddress               0x08001ff9   Thumb Code    26  sx126x.o(i.SX126xSetBufferBaseAddress)
    SX126xSetCad                             0x08002013   Thumb Code    20  sx126x.o(i.SX126xSetCad)
    SX126xSetCrcPolynomial                   0x08002027   Thumb Code    42  sx126x.o(i.SX126xSetCrcPolynomial)
    SX126xSetCrcSeed                         0x08002051   Thumb Code    42  sx126x.o(i.SX126xSetCrcSeed)
    SX126xSetDio2AsRfSwitchCtrl              0x0800207b   Thumb Code    14  sx126x.o(i.SX126xSetDio2AsRfSwitchCtrl)
    SX126xSetDioIrqParams                    0x08002089   Thumb Code    74  sx126x.o(i.SX126xSetDioIrqParams)
    SX126xSetLoRaSymbNumTimeout              0x080020d3   Thumb Code    84  sx126x.o(i.SX126xSetLoRaSymbNumTimeout)
    SX126xSetModulationParams                0x08002129   Thumb Code   168  sx126x.o(i.SX126xSetModulationParams)
    SX126xSetNss                             0x080021d9   Thumb Code    26  sx126xstm32f103-board.o(i.SX126xSetNss)
    SX126xSetOperatingMode                   0x080021f9   Thumb Code     6  radio.o(i.SX126xSetOperatingMode)
    SX126xSetPaConfig                        0x08002205   Thumb Code    38  sx126x.o(i.SX126xSetPaConfig)
    SX126xSetPacketParams                    0x0800222d   Thumb Code   222  sx126x.o(i.SX126xSetPacketParams)
    SX126xSetPacketType                      0x08002315   Thumb Code    22  sx126x.o(i.SX126xSetPacketType)
    SX126xSetPayload                         0x08002331   Thumb Code    18  sx126x.o(i.SX126xSetPayload)
    SX126xSetRegulatorMode                   0x08002343   Thumb Code    14  sx126x.o(i.SX126xSetRegulatorMode)
    SX126xSetRfFrequency                     0x08002351   Thumb Code    68  sx126x.o(i.SX126xSetRfFrequency)
    SX126xSetRfTxPower                       0x08002399   Thumb Code    14  radio.o(i.SX126xSetRfTxPower)
    SX126xSetRx                              0x080023a7   Thumb Code    40  sx126x.o(i.SX126xSetRx)
    SX126xSetRxBoosted                       0x080023cf   Thumb Code    50  sx126x.o(i.SX126xSetRxBoosted)
    SX126xSetRxDutyCycle                     0x08002401   Thumb Code    60  sx126x.o(i.SX126xSetRxDutyCycle)
    SX126xSetRxTimerValue                    0x0800243d   Thumb Code    24  sx126xstm32f103-board.o(i.SX126xSetRxTimerValue)
    SX126xSetSleep                           0x0800247d   Thumb Code    64  sx126x.o(i.SX126xSetSleep)
    SX126xSetStandby                         0x080024bd   Thumb Code    34  sx126x.o(i.SX126xSetStandby)
    SX126xSetStopRxTimerOnPreambleDetect     0x080024df   Thumb Code    14  sx126x.o(i.SX126xSetStopRxTimerOnPreambleDetect)
    SX126xSetSyncWord                        0x080024ed   Thumb Code    20  sx126x.o(i.SX126xSetSyncWord)
    SX126xSetTx                              0x08002501   Thumb Code    40  sx126x.o(i.SX126xSetTx)
    SX126xSetTxContinuousWave                0x08002529   Thumb Code    20  sx126x.o(i.SX126xSetTxContinuousWave)
    SX126xSetTxParams                        0x0800253d   Thumb Code   138  sx126x.o(i.SX126xSetTxParams)
    SX126xSetTxTimerValue                    0x080025c9   Thumb Code    24  sx126xstm32f103-board.o(i.SX126xSetTxTimerValue)
    SX126xSetWhiteningSeed                   0x08002609   Thumb Code    58  sx126x.o(i.SX126xSetWhiteningSeed)
    SX126xSpiInOut                           0x08002643   Thumb Code    12  sx126xstm32f103-board.o(i.SX126xSpiInOut)
    SX126xTimerInit                          0x08002651   Thumb Code   120  sx126xstm32f103-board.o(i.SX126xTimerInit)
    SX126xTxTimerStart                       0x080026d9   Thumb Code    28  sx126xstm32f103-board.o(i.SX126xTxTimerStart)
    SX126xTxTimerStop                        0x08002719   Thumb Code    22  sx126xstm32f103-board.o(i.SX126xTxTimerStop)
    SX126xWaitOnBusy                         0x08002751   Thumb Code    44  sx126xstm32f103-board.o(i.SX126xWaitOnBusy)
    SX126xWakeup                             0x08002799   Thumb Code    38  radio.o(i.SX126xWakeup)
    SX126xWriteBuffer                        0x080027bf   Thumb Code    66  radio.o(i.SX126xWriteBuffer)
    SX126xWriteCommand                       0x08002801   Thumb Code    64  radio.o(i.SX126xWriteCommand)
    SX126xWriteRegister                      0x08002841   Thumb Code    16  radio.o(i.SX126xWriteRegister)
    SX126xWriteRegisters                     0x08002851   Thumb Code    72  radio.o(i.SX126xWriteRegisters)
    Spi1Init                                 0x08002981   Thumb Code   162  hal_spi.o(i.Spi1Init)
    SysInit                                  0x08002a2d   Thumb Code   158  main.o(i.SysInit)
    SysTick_Handler                          0x08002ae1   Thumb Code    12  stm32f10x_it.o(i.SysTick_Handler)
    SystemInit                               0x08002af1   Thumb Code    78  system_stm32f10x.o(i.SystemInit)
    TIM3_IRQHandler                          0x08002b51   Thumb Code   176  sx126xstm32f103-board.o(i.TIM3_IRQHandler)
    TIM_ClearITPendingBit                    0x08002c11   Thumb Code     6  stm32f10x_tim.o(i.TIM_ClearITPendingBit)
    TIM_Cmd                                  0x08002c17   Thumb Code    24  stm32f10x_tim.o(i.TIM_Cmd)
    TIM_GetITStatus                          0x08002c2f   Thumb Code    34  stm32f10x_tim.o(i.TIM_GetITStatus)
    TIM_ITConfig                             0x08002c51   Thumb Code    18  stm32f10x_tim.o(i.TIM_ITConfig)
    TIM_TimeBaseInit                         0x08002c65   Thumb Code   122  stm32f10x_tim.o(i.TIM_TimeBaseInit)
    USART1_IRQHandler                        0x08002d09   Thumb Code    40  hal_uart.o(i.USART1_IRQHandler)
    USART_ClearFlag                          0x08002d35   Thumb Code    18  stm32f10x_usart.o(i.USART_ClearFlag)
    USART_Cmd                                0x08002d47   Thumb Code    24  stm32f10x_usart.o(i.USART_Cmd)
    USART_DeInit                             0x08002d61   Thumb Code   134  stm32f10x_usart.o(i.USART_DeInit)
    USART_GetFlagStatus                      0x08002dfd   Thumb Code    26  stm32f10x_usart.o(i.USART_GetFlagStatus)
    USART_ITConfig                           0x08002e17   Thumb Code    74  stm32f10x_usart.o(i.USART_ITConfig)
    USART_Init                               0x08002e61   Thumb Code   210  stm32f10x_usart.o(i.USART_Init)
    USART_ReceiveData                        0x08002f39   Thumb Code    10  stm32f10x_usart.o(i.USART_ReceiveData)
    USART_SendData                           0x08002f43   Thumb Code     8  stm32f10x_usart.o(i.USART_SendData)
    UsageFault_Handler                       0x08002f4b   Thumb Code     4  stm32f10x_it.o(i.UsageFault_Handler)
    _sys_exit                                0x08002f4f   Thumb Code     4  hal_uart.o(i._sys_exit)
    delay_ms                                 0x08002f53   Thumb Code    18  delay.o(i.delay_ms)
    delay_us                                 0x08002f65   Thumb Code    26  delay.o(i.delay_us)
    fputc                                    0x08002f81   Thumb Code    32  hal_uart.o(i.fputc)
    main                                     0x08002fa5   Thumb Code    66  main.o(i.main)
    Radio                                    0x080030b4   Data         108  radio.o(.constdata)
    FskBandwidths                            0x08003120   Data         176  radio.o(.constdata)
    Bandwidths                               0x080031d0   Data           3  radio.o(.constdata)
    Region$$Table$$Base                      0x080031ec   Number         0  anon$$obj.o(Region$$Table)
    Region$$Table$$Limit                     0x0800320c   Number         0  anon$$obj.o(Region$$Table)
    SystemCoreClock                          0x20000004   Data           4  system_stm32f10x.o(.data)
    AHBPrescTable                            0x20000008   Data          16  system_stm32f10x.o(.data)
    __stdout                                 0x2000002c   Data           4  hal_uart.o(.data)
    MaxPayloadLength                         0x20000038   Data           1  radio.o(.data)
    TxTimeout                                0x2000003c   Data           4  radio.o(.data)
    RxTimeout                                0x20000040   Data           4  radio.o(.data)
    RxContinuous                             0x20000044   Data           1  radio.o(.data)
    IrqFired                                 0x20000045   Data           1  radio.o(.data)
    FrequencyError                           0x20000054   Data           4  sx126x.o(.data)
    RadioPktStatus                           0x20000074   Data          20  radio.o(.bss)
    RadioRxPayload                           0x20000088   Data         255  radio.o(.bss)
    SX126x                                   0x20000188   Data          60  radio.o(.bss)
    __libspace_start                         0x200001e8   Data          96  libspace.o(.bss)
    __temporary_stack_top$libspace           0x20000248   Data           0  libspace.o(.bss)



==============================================================================

Memory Map of the image

  Image Entry point : 0x08000131

  Load Region LR_IROM1 (Base: 0x08000000, Size: 0x00003268, Max: 0x00010000, ABSOLUTE)

    Execution Region ER_IROM1 (Exec base: 0x08000000, Load base: 0x08000000, Size: 0x0000320c, Max: 0x00010000, ABSOLUTE)

    Exec Addr    Load Addr    Size         Type   Attr      Idx    E Section Name        Object

    0x08000000   0x08000000   0x00000130   Data   RO            3    RESET               startup_stm32f10x_hd.o
    0x08000130   0x08000130   0x00000008   Code   RO         2664  * !!!main             c_w.l(__main.o)
    0x08000138   0x08000138   0x00000034   Code   RO         2834    !!!scatter          c_w.l(__scatter.o)
    0x0800016c   0x0800016c   0x0000001a   Code   RO         2836    !!handler_copy      c_w.l(__scatter_copy.o)
    0x08000186   0x08000186   0x00000002   PAD
    0x08000188   0x08000188   0x0000001c   Code   RO         2838    !!handler_zi        c_w.l(__scatter_zi.o)
    0x080001a4   0x080001a4   0x00000000   Code   RO         2659    .ARM.Collect$$_printf_percent$$00000000  c_w.l(_printf_percent.o)
    0x080001a4   0x080001a4   0x00000006   Code   RO         2658    .ARM.Collect$$_printf_percent$$00000009  c_w.l(_printf_d.o)
    0x080001aa   0x080001aa   0x00000006   Code   RO         2657    .ARM.Collect$$_printf_percent$$00000014  c_w.l(_printf_s.o)
    0x080001b0   0x080001b0   0x00000004   Code   RO         2675    .ARM.Collect$$_printf_percent$$00000017  c_w.l(_printf_percent_end.o)
    0x080001b4   0x080001b4   0x00000002   Code   RO         2708    .ARM.Collect$$libinit$$00000000  c_w.l(libinit.o)
    0x080001b6   0x080001b6   0x00000000   Code   RO         2715    .ARM.Collect$$libinit$$00000002  c_w.l(libinit2.o)
    0x080001b6   0x080001b6   0x00000000   Code   RO         2717    .ARM.Collect$$libinit$$00000004  c_w.l(libinit2.o)
    0x080001b6   0x080001b6   0x00000000   Code   RO         2720    .ARM.Collect$$libinit$$0000000A  c_w.l(libinit2.o)
    0x080001b6   0x080001b6   0x00000000   Code   RO         2722    .ARM.Collect$$libinit$$0000000C  c_w.l(libinit2.o)
    0x080001b6   0x080001b6   0x00000000   Code   RO         2724    .ARM.Collect$$libinit$$0000000E  c_w.l(libinit2.o)
    0x080001b6   0x080001b6   0x00000000   Code   RO         2727    .ARM.Collect$$libinit$$00000011  c_w.l(libinit2.o)
    0x080001b6   0x080001b6   0x00000000   Code   RO         2729    .ARM.Collect$$libinit$$00000013  c_w.l(libinit2.o)
    0x080001b6   0x080001b6   0x00000000   Code   RO         2731    .ARM.Collect$$libinit$$00000015  c_w.l(libinit2.o)
    0x080001b6   0x080001b6   0x00000000   Code   RO         2733    .ARM.Collect$$libinit$$00000017  c_w.l(libinit2.o)
    0x080001b6   0x080001b6   0x00000000   Code   RO         2735    .ARM.Collect$$libinit$$00000019  c_w.l(libinit2.o)
    0x080001b6   0x080001b6   0x00000000   Code   RO         2737    .ARM.Collect$$libinit$$0000001B  c_w.l(libinit2.o)
    0x080001b6   0x080001b6   0x00000000   Code   RO         2739    .ARM.Collect$$libinit$$0000001D  c_w.l(libinit2.o)
    0x080001b6   0x080001b6   0x00000000   Code   RO         2741    .ARM.Collect$$libinit$$0000001F  c_w.l(libinit2.o)
    0x080001b6   0x080001b6   0x00000000   Code   RO         2743    .ARM.Collect$$libinit$$00000021  c_w.l(libinit2.o)
    0x080001b6   0x080001b6   0x00000000   Code   RO         2745    .ARM.Collect$$libinit$$00000023  c_w.l(libinit2.o)
    0x080001b6   0x080001b6   0x00000000   Code   RO         2747    .ARM.Collect$$libinit$$00000025  c_w.l(libinit2.o)
    0x080001b6   0x080001b6   0x00000000   Code   RO         2751    .ARM.Collect$$libinit$$0000002C  c_w.l(libinit2.o)
    0x080001b6   0x080001b6   0x00000000   Code   RO         2753    .ARM.Collect$$libinit$$0000002E  c_w.l(libinit2.o)
    0x080001b6   0x080001b6   0x00000000   Code   RO         2755    .ARM.Collect$$libinit$$00000030  c_w.l(libinit2.o)
    0x080001b6   0x080001b6   0x00000000   Code   RO         2757    .ARM.Collect$$libinit$$00000032  c_w.l(libinit2.o)
    0x080001b6   0x080001b6   0x00000002   Code   RO         2758    .ARM.Collect$$libinit$$00000033  c_w.l(libinit2.o)
    0x080001b8   0x080001b8   0x00000002   Code   RO         2776    .ARM.Collect$$libshutdown$$00000000  c_w.l(libshutdown.o)
    0x080001ba   0x080001ba   0x00000000   Code   RO         2786    .ARM.Collect$$libshutdown$$00000002  c_w.l(libshutdown2.o)
    0x080001ba   0x080001ba   0x00000000   Code   RO         2788    .ARM.Collect$$libshutdown$$00000004  c_w.l(libshutdown2.o)
    0x080001ba   0x080001ba   0x00000000   Code   RO         2791    .ARM.Collect$$libshutdown$$00000007  c_w.l(libshutdown2.o)
    0x080001ba   0x080001ba   0x00000000   Code   RO         2794    .ARM.Collect$$libshutdown$$0000000A  c_w.l(libshutdown2.o)
    0x080001ba   0x080001ba   0x00000000   Code   RO         2796    .ARM.Collect$$libshutdown$$0000000C  c_w.l(libshutdown2.o)
    0x080001ba   0x080001ba   0x00000000   Code   RO         2799    .ARM.Collect$$libshutdown$$0000000F  c_w.l(libshutdown2.o)
    0x080001ba   0x080001ba   0x00000002   Code   RO         2800    .ARM.Collect$$libshutdown$$00000010  c_w.l(libshutdown2.o)
    0x080001bc   0x080001bc   0x00000000   Code   RO         2668    .ARM.Collect$$rtentry$$00000000  c_w.l(__rtentry.o)
    0x080001bc   0x080001bc   0x00000000   Code   RO         2677    .ARM.Collect$$rtentry$$00000002  c_w.l(__rtentry2.o)
    0x080001bc   0x080001bc   0x00000006   Code   RO         2689    .ARM.Collect$$rtentry$$00000004  c_w.l(__rtentry4.o)
    0x080001c2   0x080001c2   0x00000000   Code   RO         2679    .ARM.Collect$$rtentry$$00000009  c_w.l(__rtentry2.o)
    0x080001c2   0x080001c2   0x00000004   Code   RO         2680    .ARM.Collect$$rtentry$$0000000A  c_w.l(__rtentry2.o)
    0x080001c6   0x080001c6   0x00000000   Code   RO         2682    .ARM.Collect$$rtentry$$0000000C  c_w.l(__rtentry2.o)
    0x080001c6   0x080001c6   0x00000008   Code   RO         2683    .ARM.Collect$$rtentry$$0000000D  c_w.l(__rtentry2.o)
    0x080001ce   0x080001ce   0x00000002   Code   RO         2712    .ARM.Collect$$rtexit$$00000000  c_w.l(rtexit.o)
    0x080001d0   0x080001d0   0x00000000   Code   RO         2760    .ARM.Collect$$rtexit$$00000002  c_w.l(rtexit2.o)
    0x080001d0   0x080001d0   0x00000004   Code   RO         2761    .ARM.Collect$$rtexit$$00000003  c_w.l(rtexit2.o)
    0x080001d4   0x080001d4   0x00000006   Code   RO         2762    .ARM.Collect$$rtexit$$00000004  c_w.l(rtexit2.o)
    0x080001da   0x080001da   0x00000002   PAD
    0x080001dc   0x080001dc   0x00000040   Code   RO            4    .text               startup_stm32f10x_hd.o
    0x0800021c   0x0800021c   0x00000002   Code   RO         2625    .text               c_w.l(use_no_semi_2.o)
    0x0800021e   0x0800021e   0x00000002   PAD
    0x08000220   0x08000220   0x00000018   Code   RO         2629    .text               c_w.l(noretval__2printf.o)
    0x08000238   0x08000238   0x00000068   Code   RO         2631    .text               c_w.l(__printf.o)
    0x080002a0   0x080002a0   0x00000052   Code   RO         2633    .text               c_w.l(_printf_str.o)
    0x080002f2   0x080002f2   0x00000002   PAD
    0x080002f4   0x080002f4   0x00000078   Code   RO         2635    .text               c_w.l(_printf_dec.o)
    0x0800036c   0x0800036c   0x0000004e   Code   RO         2660    .text               c_w.l(rt_memclr_w.o)
    0x080003ba   0x080003ba   0x00000006   Code   RO         2662    .text               c_w.l(heapauxi.o)
    0x080003c0   0x080003c0   0x00000002   Code   RO         2666    .text               c_w.l(use_no_semi.o)
    0x080003c2   0x080003c2   0x000000b2   Code   RO         2669    .text               c_w.l(_printf_intcommon.o)
    0x08000474   0x08000474   0x0000002c   Code   RO         2671    .text               c_w.l(_printf_char.o)
    0x080004a0   0x080004a0   0x00000024   Code   RO         2673    .text               c_w.l(_printf_char_file.o)
    0x080004c4   0x080004c4   0x00000030   Code   RO         2691    .text               c_w.l(_printf_char_common.o)
    0x080004f4   0x080004f4   0x00000008   Code   RO         2693    .text               c_w.l(ferror.o)
    0x080004fc   0x080004fc   0x0000004a   Code   RO         2697    .text               c_w.l(sys_stackheap_outer.o)
    0x08000546   0x08000546   0x00000012   Code   RO         2701    .text               c_w.l(exit.o)
    0x08000558   0x08000558   0x00000008   Code   RO         2709    .text               c_w.l(libspace.o)
    0x08000560   0x08000560   0x00000004   Code   RO          147    i.BusFault_Handler  stm32f10x_it.o
    0x08000564   0x08000564   0x00000002   Code   RO          148    i.DebugMon_Handler  stm32f10x_it.o
    0x08000566   0x08000566   0x00000002   PAD
    0x08000568   0x08000568   0x00000040   Code   RO         1758    i.EXTI15_10_IRQHandler  sx126xstm32f103-board.o
    0x080005a8   0x080005a8   0x0000000c   Code   RO         1102    i.EXTI_ClearITPendingBit  stm32f10x_exti.o
    0x080005b4   0x080005b4   0x00000094   Code   RO         1107    i.EXTI_Init         stm32f10x_exti.o
    0x08000648   0x08000648   0x00000100   Code   RO         2583    i.ExampleSX126xReciveDemo  sx126x_example_recive.o
    0x08000748   0x08000748   0x00000040   Code   RO          466    i.GPIO_EXTILineConfig  stm32f10x_gpio.o
    0x08000788   0x08000788   0x00000116   Code   RO          469    i.GPIO_Init         stm32f10x_gpio.o
    0x0800089e   0x0800089e   0x00000002   PAD
    0x080008a0   0x080008a0   0x00000090   Code   RO          471    i.GPIO_PinRemapConfig  stm32f10x_gpio.o
    0x08000930   0x08000930   0x00000012   Code   RO          473    i.GPIO_ReadInputDataBit  stm32f10x_gpio.o
    0x08000942   0x08000942   0x00000004   Code   RO          476    i.GPIO_ResetBits    stm32f10x_gpio.o
    0x08000946   0x08000946   0x00000004   Code   RO          477    i.GPIO_SetBits      stm32f10x_gpio.o
    0x0800094a   0x0800094a   0x0000000a   Code   RO          480    i.GPIO_WriteBit     stm32f10x_gpio.o
    0x08000954   0x08000954   0x0000000c   Code   RO          149    i.Get_SysTick       stm32f10x_it.o
    0x08000960   0x08000960   0x00000058   Code   RO         1904    i.HALSpi1InOut      hal_spi.o
    0x080009b8   0x080009b8   0x000000ac   Code   RO         1721    i.HALUart1Init      hal_uart.o
    0x08000a64   0x08000a64   0x00000004   Code   RO          150    i.HardFault_Handler  stm32f10x_it.o
    0x08000a68   0x08000a68   0x00000004   Code   RO          151    i.MemManage_Handler  stm32f10x_it.o
    0x08000a6c   0x08000a6c   0x00000002   Code   RO          152    i.NMI_Handler       stm32f10x_it.o
    0x08000a6e   0x08000a6e   0x00000002   PAD
    0x08000a70   0x08000a70   0x00000070   Code   RO          253    i.NVIC_Init         misc.o
    0x08000ae0   0x08000ae0   0x00000014   Code   RO          254    i.NVIC_PriorityGroupConfig  misc.o
    0x08000af4   0x08000af4   0x00000002   Code   RO          153    i.PendSV_Handler    stm32f10x_it.o
    0x08000af6   0x08000af6   0x00000002   PAD
    0x08000af8   0x08000af8   0x00000020   Code   RO          903    i.RCC_APB1PeriphClockCmd  stm32f10x_rcc.o
    0x08000b18   0x08000b18   0x00000020   Code   RO          904    i.RCC_APB1PeriphResetCmd  stm32f10x_rcc.o
    0x08000b38   0x08000b38   0x00000020   Code   RO          905    i.RCC_APB2PeriphClockCmd  stm32f10x_rcc.o
    0x08000b58   0x08000b58   0x00000020   Code   RO          906    i.RCC_APB2PeriphResetCmd  stm32f10x_rcc.o
    0x08000b78   0x08000b78   0x000000d4   Code   RO          913    i.RCC_GetClocksFreq  stm32f10x_rcc.o
    0x08000c4c   0x08000c4c   0x00000006   Code   RO         1922    i.RadioCheckRfFrequency  radio.o
    0x08000c52   0x08000c52   0x00000002   PAD
    0x08000c54   0x08000c54   0x0000003c   Code   RO         1923    i.RadioGetFskBandwidthRegValue  radio.o
    0x08000c90   0x08000c90   0x00000036   Code   RO         1924    i.RadioGetGfskTimeOnAirNumerator  radio.o
    0x08000cc6   0x08000cc6   0x00000002   PAD
    0x08000cc8   0x08000cc8   0x00000060   Code   RO         1925    i.RadioGetLoRaBandwidthInHz  radio.o
    0x08000d28   0x08000d28   0x000000b2   Code   RO         1926    i.RadioGetLoRaTimeOnAirNumerator  radio.o
    0x08000dda   0x08000dda   0x00000024   Code   RO         1927    i.RadioGetStatus    radio.o
    0x08000dfe   0x08000dfe   0x0000000a   Code   RO         1928    i.RadioGetWakeupTime  radio.o
    0x08000e08   0x08000e08   0x00000054   Code   RO         1929    i.RadioInit         radio.o
    0x08000e5c   0x08000e5c   0x000001b0   Code   RO         1930    i.RadioIrqProcess   radio.o
    0x0800100c   0x0800100c   0x00000088   Code   RO         1931    i.RadioIsChannelFree  radio.o
    0x08001094   0x08001094   0x0000000c   Code   RO         1932    i.RadioOnDioIrq     radio.o
    0x080010a0   0x080010a0   0x00000020   Code   RO         1933    i.RadioOnRxTimeoutIrq  radio.o
    0x080010c0   0x080010c0   0x00000020   Code   RO         1934    i.RadioOnTxTimeoutIrq  radio.o
    0x080010e0   0x080010e0   0x00000020   Code   RO         1935    i.RadioRandom       radio.o
    0x08001100   0x08001100   0x0000000c   Code   RO         1936    i.RadioRead         radio.o
    0x0800110c   0x0800110c   0x00000014   Code   RO         1937    i.RadioReadBuffer   radio.o
    0x08001120   0x08001120   0x0000000a   Code   RO         1938    i.RadioRssi         radio.o
    0x0800112a   0x0800112a   0x00000002   PAD
    0x0800112c   0x0800112c   0x00000044   Code   RO         1939    i.RadioRx           radio.o
    0x08001170   0x08001170   0x00000044   Code   RO         1940    i.RadioRxBoosted    radio.o
    0x080011b4   0x080011b4   0x0000004c   Code   RO         1941    i.RadioSend         radio.o
    0x08001200   0x08001200   0x0000000c   Code   RO         1942    i.RadioSetChannel   radio.o
    0x0800120c   0x0800120c   0x00000038   Code   RO         1943    i.RadioSetMaxPayloadLength  radio.o
    0x08001244   0x08001244   0x00000044   Code   RO         1944    i.RadioSetModem     radio.o
    0x08001288   0x08001288   0x00000044   Code   RO         1945    i.RadioSetPublicNetwork  radio.o
    0x080012cc   0x080012cc   0x0000021c   Code   RO         1946    i.RadioSetRxConfig  radio.o
    0x080014e8   0x080014e8   0x00000010   Code   RO         1947    i.RadioSetRxDutyCycle  radio.o
    0x080014f8   0x080014f8   0x000001d4   Code   RO         1948    i.RadioSetTxConfig  radio.o
    0x080016cc   0x080016cc   0x00000030   Code   RO         1949    i.RadioSetTxContinuousWave  radio.o
    0x080016fc   0x080016fc   0x00000020   Code   RO         1950    i.RadioSleep        radio.o
    0x0800171c   0x0800171c   0x0000000a   Code   RO         1951    i.RadioStandby      radio.o
    0x08001726   0x08001726   0x00000016   Code   RO         1952    i.RadioStartCad     radio.o
    0x0800173c   0x0800173c   0x0000007c   Code   RO         1953    i.RadioTimeOnAir    radio.o
    0x080017b8   0x080017b8   0x00000010   Code   RO         1954    i.RadioWrite        radio.o
    0x080017c8   0x080017c8   0x00000014   Code   RO         1955    i.RadioWriteBuffer  radio.o
    0x080017dc   0x080017dc   0x00000018   Code   RO          582    i.SPI_Cmd           stm32f10x_spi.o
    0x080017f4   0x080017f4   0x00000012   Code   RO          590    i.SPI_I2S_GetFlagStatus  stm32f10x_spi.o
    0x08001806   0x08001806   0x00000006   Code   RO          593    i.SPI_I2S_ReceiveData  stm32f10x_spi.o
    0x0800180c   0x0800180c   0x00000004   Code   RO          594    i.SPI_I2S_SendData  stm32f10x_spi.o
    0x08001810   0x08001810   0x0000003c   Code   RO          595    i.SPI_Init          stm32f10x_spi.o
    0x0800184c   0x0800184c   0x00000002   Code   RO          154    i.SVC_Handler       stm32f10x_it.o
    0x0800184e   0x0800184e   0x00000002   Code   RO         1956    i.SX126xAntSwOff    radio.o
    0x08001850   0x08001850   0x00000002   Code   RO         1957    i.SX126xAntSwOn     radio.o
    0x08001852   0x08001852   0x00000002   PAD
    0x08001854   0x08001854   0x00000088   Code   RO         2251    i.SX126xCalibrateImage  sx126x.o
    0x080018dc   0x080018dc   0x0000001e   Code   RO         2252    i.SX126xCheckDeviceReady  sx126x.o
    0x080018fa   0x080018fa   0x0000001c   Code   RO         2254    i.SX126xClearIrqStatus  sx126x.o
    0x08001916   0x08001916   0x00000024   Code   RO         2255    i.SX126xConvertFreqInHzToPllStep  sx126x.o
    0x0800193a   0x0800193a   0x0000000c   Code   RO         1760    i.SX126xDelayMs     sx126xstm32f103-board.o
    0x08001946   0x08001946   0x00000004   Code   RO         1958    i.SX126xGetBoardTcxoWakeupTime  radio.o
    0x0800194a   0x0800194a   0x00000004   Code   RO         1959    i.SX126xGetDeviceId  radio.o
    0x0800194e   0x0800194e   0x0000001a   Code   RO         2257    i.SX126xGetIrqStatus  sx126x.o
    0x08001968   0x08001968   0x0000000c   Code   RO         1960    i.SX126xGetOperatingMode  radio.o
    0x08001974   0x08001974   0x0000008c   Code   RO         2258    i.SX126xGetPacketStatus  sx126x.o
    0x08001a00   0x08001a00   0x0000000c   Code   RO         2259    i.SX126xGetPacketType  sx126x.o
    0x08001a0c   0x08001a0c   0x0000002e   Code   RO         2260    i.SX126xGetPayload  sx126x.o
    0x08001a3a   0x08001a3a   0x00000068   Code   RO         2261    i.SX126xGetRandom   sx126x.o
    0x08001aa2   0x08001aa2   0x0000001c   Code   RO         2262    i.SX126xGetRssiInst  sx126x.o
    0x08001abe   0x08001abe   0x00000002   PAD
    0x08001ac0   0x08001ac0   0x00000040   Code   RO         2263    i.SX126xGetRxBufferStatus  sx126x.o
    0x08001b00   0x08001b00   0x00000028   Code   RO         2265    i.SX126xInit        sx126x.o
    0x08001b28   0x08001b28   0x000000b8   Code   RO         1762    i.SX126xIoInit      sx126xstm32f103-board.o
    0x08001be0   0x08001be0   0x0000008c   Code   RO         1763    i.SX126xIoIrqInit   sx126xstm32f103-board.o
    0x08001c6c   0x08001c6c   0x0000000a   Code   RO         1961    i.SX126xIoRfSwitchInit  radio.o
    0x08001c76   0x08001c76   0x00000002   Code   RO         1962    i.SX126xIoTcxoInit  radio.o
    0x08001c78   0x08001c78   0x000000cc   Code   RO         2584    i.SX126xOnRxDone    sx126x_example_recive.o
    0x08001d44   0x08001d44   0x00000038   Code   RO         2585    i.SX126xOnRxError   sx126x_example_recive.o
    0x08001d7c   0x08001d7c   0x0000003c   Code   RO         2586    i.SX126xOnRxTimeout  sx126x_example_recive.o
    0x08001db8   0x08001db8   0x00000048   Code   RO         2587    i.SX126xOnTxDone    sx126x_example_recive.o
    0x08001e00   0x08001e00   0x00000018   Code   RO         2588    i.SX126xOnTxTimeout  sx126x_example_recive.o
    0x08001e18   0x08001e18   0x0000004a   Code   RO         1963    i.SX126xReadBuffer  radio.o
    0x08001e62   0x08001e62   0x0000004c   Code   RO         1964    i.SX126xReadCommand  radio.o
    0x08001eae   0x08001eae   0x00000014   Code   RO         1965    i.SX126xReadRegister  radio.o
    0x08001ec2   0x08001ec2   0x00000050   Code   RO         1966    i.SX126xReadRegisters  radio.o
    0x08001f12   0x08001f12   0x00000002   PAD
    0x08001f14   0x08001f14   0x00000054   Code   RO         1764    i.SX126xReset       sx126xstm32f103-board.o
    0x08001f68   0x08001f68   0x00000040   Code   RO         1765    i.SX126xRxTimerStart  sx126xstm32f103-board.o
    0x08001fa8   0x08001fa8   0x00000038   Code   RO         1766    i.SX126xRxTimerStop  sx126xstm32f103-board.o
    0x08001fe0   0x08001fe0   0x00000018   Code   RO         2266    i.SX126xSendPayload  sx126x.o
    0x08001ff8   0x08001ff8   0x0000001a   Code   RO         2267    i.SX126xSetBufferBaseAddress  sx126x.o
    0x08002012   0x08002012   0x00000014   Code   RO         2268    i.SX126xSetCad      sx126x.o
    0x08002026   0x08002026   0x0000002a   Code   RO         2270    i.SX126xSetCrcPolynomial  sx126x.o
    0x08002050   0x08002050   0x0000002a   Code   RO         2271    i.SX126xSetCrcSeed  sx126x.o
    0x0800207a   0x0800207a   0x0000000e   Code   RO         2272    i.SX126xSetDio2AsRfSwitchCtrl  sx126x.o
    0x08002088   0x08002088   0x0000004a   Code   RO         2274    i.SX126xSetDioIrqParams  sx126x.o
    0x080020d2   0x080020d2   0x00000054   Code   RO         2276    i.SX126xSetLoRaSymbNumTimeout  sx126x.o
    0x08002126   0x08002126   0x00000002   PAD
    0x08002128   0x08002128   0x000000b0   Code   RO         2277    i.SX126xSetModulationParams  sx126x.o
    0x080021d8   0x080021d8   0x00000020   Code   RO         1767    i.SX126xSetNss      sx126xstm32f103-board.o
    0x080021f8   0x080021f8   0x0000000c   Code   RO         1967    i.SX126xSetOperatingMode  radio.o
    0x08002204   0x08002204   0x00000026   Code   RO         2278    i.SX126xSetPaConfig  sx126x.o
    0x0800222a   0x0800222a   0x00000002   PAD
    0x0800222c   0x0800222c   0x000000e8   Code   RO         2279    i.SX126xSetPacketParams  sx126x.o
    0x08002314   0x08002314   0x0000001c   Code   RO         2280    i.SX126xSetPacketType  sx126x.o
    0x08002330   0x08002330   0x00000012   Code   RO         2281    i.SX126xSetPayload  sx126x.o
    0x08002342   0x08002342   0x0000000e   Code   RO         2282    i.SX126xSetRegulatorMode  sx126x.o
    0x08002350   0x08002350   0x00000048   Code   RO         2283    i.SX126xSetRfFrequency  sx126x.o
    0x08002398   0x08002398   0x0000000e   Code   RO         1968    i.SX126xSetRfTxPower  radio.o
    0x080023a6   0x080023a6   0x00000028   Code   RO         2284    i.SX126xSetRx       sx126x.o
    0x080023ce   0x080023ce   0x00000032   Code   RO         2285    i.SX126xSetRxBoosted  sx126x.o
    0x08002400   0x08002400   0x0000003c   Code   RO         2286    i.SX126xSetRxDutyCycle  sx126x.o
    0x0800243c   0x0800243c   0x00000040   Code   RO         1768    i.SX126xSetRxTimerValue  sx126xstm32f103-board.o
    0x0800247c   0x0800247c   0x00000040   Code   RO         2288    i.SX126xSetSleep    sx126x.o
    0x080024bc   0x080024bc   0x00000022   Code   RO         2289    i.SX126xSetStandby  sx126x.o
    0x080024de   0x080024de   0x0000000e   Code   RO         2290    i.SX126xSetStopRxTimerOnPreambleDetect  sx126x.o
    0x080024ec   0x080024ec   0x00000014   Code   RO         2291    i.SX126xSetSyncWord  sx126x.o
    0x08002500   0x08002500   0x00000028   Code   RO         2292    i.SX126xSetTx       sx126x.o
    0x08002528   0x08002528   0x00000014   Code   RO         2293    i.SX126xSetTxContinuousWave  sx126x.o
    0x0800253c   0x0800253c   0x0000008a   Code   RO         2295    i.SX126xSetTxParams  sx126x.o
    0x080025c6   0x080025c6   0x00000002   PAD
    0x080025c8   0x080025c8   0x00000040   Code   RO         1769    i.SX126xSetTxTimerValue  sx126xstm32f103-board.o
    0x08002608   0x08002608   0x0000003a   Code   RO         2296    i.SX126xSetWhiteningSeed  sx126x.o
    0x08002642   0x08002642   0x0000000c   Code   RO         1770    i.SX126xSpiInOut    sx126xstm32f103-board.o
    0x0800264e   0x0800264e   0x00000002   PAD
    0x08002650   0x08002650   0x00000088   Code   RO         1771    i.SX126xTimerInit   sx126xstm32f103-board.o
    0x080026d8   0x080026d8   0x00000040   Code   RO         1772    i.SX126xTxTimerStart  sx126xstm32f103-board.o
    0x08002718   0x08002718   0x00000038   Code   RO         1773    i.SX126xTxTimerStop  sx126xstm32f103-board.o
    0x08002750   0x08002750   0x00000048   Code   RO         1774    i.SX126xWaitOnBusy  sx126xstm32f103-board.o
    0x08002798   0x08002798   0x00000026   Code   RO         1969    i.SX126xWakeup      radio.o
    0x080027be   0x080027be   0x00000042   Code   RO         1970    i.SX126xWriteBuffer  radio.o
    0x08002800   0x08002800   0x00000040   Code   RO         1971    i.SX126xWriteCommand  radio.o
    0x08002840   0x08002840   0x00000010   Code   RO         1972    i.SX126xWriteRegister  radio.o
    0x08002850   0x08002850   0x00000048   Code   RO         1973    i.SX126xWriteRegisters  radio.o
    0x08002898   0x08002898   0x00000008   Code   RO          219    i.SetSysClock       system_stm32f10x.o
    0x080028a0   0x080028a0   0x000000e0   Code   RO          220    i.SetSysClockTo72   system_stm32f10x.o
    0x08002980   0x08002980   0x000000ac   Code   RO         1905    i.Spi1Init          hal_spi.o
    0x08002a2c   0x08002a2c   0x000000b4   Code   RO           24    i.SysInit           main.o
    0x08002ae0   0x08002ae0   0x00000010   Code   RO          155    i.SysTick_Handler   stm32f10x_it.o
    0x08002af0   0x08002af0   0x00000060   Code   RO          222    i.SystemInit        system_stm32f10x.o
    0x08002b50   0x08002b50   0x000000c0   Code   RO         1775    i.TIM3_IRQHandler   sx126xstm32f103-board.o
    0x08002c10   0x08002c10   0x00000006   Code   RO         1166    i.TIM_ClearITPendingBit  stm32f10x_tim.o
    0x08002c16   0x08002c16   0x00000018   Code   RO         1171    i.TIM_Cmd           stm32f10x_tim.o
    0x08002c2e   0x08002c2e   0x00000022   Code   RO         1192    i.TIM_GetITStatus   stm32f10x_tim.o
    0x08002c50   0x08002c50   0x00000012   Code   RO         1196    i.TIM_ITConfig      stm32f10x_tim.o
    0x08002c62   0x08002c62   0x00000002   PAD
    0x08002c64   0x08002c64   0x000000a4   Code   RO         1242    i.TIM_TimeBaseInit  stm32f10x_tim.o
    0x08002d08   0x08002d08   0x0000002c   Code   RO         1722    i.USART1_IRQHandler  hal_uart.o
    0x08002d34   0x08002d34   0x00000012   Code   RO          721    i.USART_ClearFlag   stm32f10x_usart.o
    0x08002d46   0x08002d46   0x00000018   Code   RO          725    i.USART_Cmd         stm32f10x_usart.o
    0x08002d5e   0x08002d5e   0x00000002   PAD
    0x08002d60   0x08002d60   0x0000009c   Code   RO          727    i.USART_DeInit      stm32f10x_usart.o
    0x08002dfc   0x08002dfc   0x0000001a   Code   RO          728    i.USART_GetFlagStatus  stm32f10x_usart.o
    0x08002e16   0x08002e16   0x0000004a   Code   RO          731    i.USART_ITConfig    stm32f10x_usart.o
    0x08002e60   0x08002e60   0x000000d8   Code   RO          732    i.USART_Init        stm32f10x_usart.o
    0x08002f38   0x08002f38   0x0000000a   Code   RO          739    i.USART_ReceiveData  stm32f10x_usart.o
    0x08002f42   0x08002f42   0x00000008   Code   RO          742    i.USART_SendData    stm32f10x_usart.o
    0x08002f4a   0x08002f4a   0x00000004   Code   RO          156    i.UsageFault_Handler  stm32f10x_it.o
    0x08002f4e   0x08002f4e   0x00000004   Code   RO         1723    i._sys_exit         hal_uart.o
    0x08002f52   0x08002f52   0x00000012   Code   RO         1703    i.delay_ms          delay.o
    0x08002f64   0x08002f64   0x0000001a   Code   RO         1704    i.delay_us          delay.o
    0x08002f7e   0x08002f7e   0x00000002   PAD
    0x08002f80   0x08002f80   0x00000024   Code   RO         1724    i.fputc             hal_uart.o
    0x08002fa4   0x08002fa4   0x00000098   Code   RO           25    i.main              main.o
    0x0800303c   0x0800303c   0x00000076   Data   RO         1777    .constdata          sx126xstm32f103-board.o
    0x080030b2   0x080030b2   0x00000002   PAD
    0x080030b4   0x080030b4   0x0000011f   Data   RO         1975    .constdata          radio.o
    0x080031d3   0x080031d3   0x00000018   Data   RO         2590    .constdata          sx126x_example_recive.o
    0x080031eb   0x080031eb   0x00000001   PAD
    0x080031ec   0x080031ec   0x00000020   Data   RO         2832    Region$$Table       anon$$obj.o


    Execution Region RW_IRAM1 (Exec base: 0x20000000, Load base: 0x0800320c, Size: 0x00000848, Max: 0x00005000, ABSOLUTE)

    Exec Addr    Load Addr    Size         Type   Attr      Idx    E Section Name        Object

    0x20000000   0x0800320c   0x00000004   Data   RW          157    .data               stm32f10x_it.o
    0x20000004   0x08003210   0x00000014   Data   RW          223    .data               system_stm32f10x.o
    0x20000018   0x08003224   0x00000014   Data   RW          933    .data               stm32f10x_rcc.o
    0x2000002c   0x08003238   0x00000004   Data   RW         1725    .data               hal_uart.o
    0x20000030   0x0800323c   0x00000008   Data   RW         1778    .data               sx126xstm32f103-board.o
    0x20000038   0x08003244   0x00000015   Data   RW         1976    .data               radio.o
    0x2000004d   0x08003259   0x00000003   PAD
    0x20000050   0x0800325c   0x00000009   Data   RW         2297    .data               sx126x.o
    0x20000059   0x08003265   0x00000003   PAD
    0x2000005c        -       0x00000018   Zero   RW         1776    .bss                sx126xstm32f103-board.o
    0x20000074        -       0x00000150   Zero   RW         1974    .bss                radio.o
    0x200001c4        -       0x00000024   Zero   RW         2589    .bss                sx126x_example_recive.o
    0x200001e8        -       0x00000060   Zero   RW         2710    .bss                c_w.l(libspace.o)
    0x20000248        -       0x00000200   Zero   RW            2    HEAP                startup_stm32f10x_hd.o
    0x20000448        -       0x00000400   Zero   RW            1    STACK               startup_stm32f10x_hd.o


==============================================================================

Image component sizes


      Code (inc. data)   RO Data    RW Data    ZI Data      Debug   Object Name

         0          0          0          0          0       4508   core_cm3.o
        44          0          0          0          0        966   delay.o
       260         16          0          0          0       1234   hal_spi.o
       256         18          0          4          0       3853   hal_uart.o
       332        108          0          0          0     272132   main.o
       132         22          0          0          0       1503   misc.o
      3522        188        287         21        336      35846   radio.o
        64         26        304          0       1536        828   startup_stm32f10x_hd.o
       160         12          0          0          0       1473   stm32f10x_exti.o
       522         10          0          0          0       5628   stm32f10x_gpio.o
        52         10          0          4          0       4424   stm32f10x_it.o
       340         44          0         20          0       5512   stm32f10x_rcc.o
       112          0          0          0          0       3782   stm32f10x_spi.o
       246         42          0          0          0       3498   stm32f10x_tim.o
       532         28          0          0          0       6494   stm32f10x_usart.o
      2132         68          0          9          0      23860   sx126x.o
       672        280         24          0         36       4454   sx126x_example_recive.o
      1296        378        118          8         24      19143   sx126xstm32f103-board.o
       328         28          0         20          0       2117   system_stm32f10x.o

    ----------------------------------------------------------------------
     11036       1278        768         92       1932     401255   Object Totals
         0          0         32          0          0          0   (incl. Generated)
        34          0          3          6          0          0   (incl. Padding)

    ----------------------------------------------------------------------

      Code (inc. data)   RO Data    RW Data    ZI Data      Debug   Library Member Name

         8          0          0          0          0         68   __main.o
       104          0          0          0          0         84   __printf.o
         0          0          0          0          0          0   __rtentry.o
        12          0          0          0          0          0   __rtentry2.o
         6          0          0          0          0          0   __rtentry4.o
        52          8          0          0          0          0   __scatter.o
        26          0          0          0          0          0   __scatter_copy.o
        28          0          0          0          0          0   __scatter_zi.o
        44          0          0          0          0        108   _printf_char.o
        48          6          0          0          0         96   _printf_char_common.o
        36          4          0          0          0         80   _printf_char_file.o
         6          0          0          0          0          0   _printf_d.o
       120         16          0          0          0         92   _printf_dec.o
       178          0          0          0          0         88   _printf_intcommon.o
         0          0          0          0          0          0   _printf_percent.o
         4          0          0          0          0          0   _printf_percent_end.o
         6          0          0          0          0          0   _printf_s.o
        82          0          0          0          0         80   _printf_str.o
        18          0          0          0          0         80   exit.o
         8          0          0          0          0         68   ferror.o
         6          0          0          0          0        152   heapauxi.o
         2          0          0          0          0          0   libinit.o
         2          0          0          0          0          0   libinit2.o
         2          0          0          0          0          0   libshutdown.o
         2          0          0          0          0          0   libshutdown2.o
         8          4          0          0         96         68   libspace.o
        24          4          0          0          0         84   noretval__2printf.o
        78          0          0          0          0         80   rt_memclr_w.o
         2          0          0          0          0          0   rtexit.o
        10          0          0          0          0          0   rtexit2.o
        74          0          0          0          0         80   sys_stackheap_outer.o
         2          0          0          0          0         68   use_no_semi.o
         2          0          0          0          0         68   use_no_semi_2.o

    ----------------------------------------------------------------------
      1008         42          0          0         96       1444   Library Totals
         8          0          0          0          0          0   (incl. Padding)

    ----------------------------------------------------------------------

      Code (inc. data)   RO Data    RW Data    ZI Data      Debug   Library Name

      1000         42          0          0         96       1444   c_w.l

    ----------------------------------------------------------------------
      1008         42          0          0         96       1444   Library Totals

    ----------------------------------------------------------------------

==============================================================================


      Code (inc. data)   RO Data    RW Data    ZI Data      Debug   

     12044       1320        768         92       2028     393491   Grand Totals
     12044       1320        768         92       2028     393491   ELF Image Totals
     12044       1320        768         92          0          0   ROM Totals

==============================================================================

    Total RO  Size (Code + RO Data)                12812 (  12.51kB)
    Total RW  Size (RW Data + ZI Data)              2120 (   2.07kB)
    Total ROM Size (Code + RO Data + RW Data)      12904 (  12.60kB)

==============================================================================

